Archive member included to satisfy reference by file (symbol)

e:/stm170/stm32cubeide_1.7.0/stm32cubeide/plugins/com.st.stm32cube.ide.mcu.externaltools.gnu-tools-for-stm32.9-2020-q2-update.win32_2.0.0.202105311346/tools/bin/../lib/gcc/arm-none-eabi/9.3.1/../../../../arm-none-eabi/lib/thumb/v7-m/nofp\libc_nano.a(lib_a-errno.o)
                              ./Core/Src/syscalls.o (__errno)
e:/stm170/stm32cubeide_1.7.0/stm32cubeide/plugins/com.st.stm32cube.ide.mcu.externaltools.gnu-tools-for-stm32.9-2020-q2-update.win32_2.0.0.202105311346/tools/bin/../lib/gcc/arm-none-eabi/9.3.1/../../../../arm-none-eabi/lib/thumb/v7-m/nofp\libc_nano.a(lib_a-exit.o)
                              e:/stm170/stm32cubeide_1.7.0/stm32cubeide/plugins/com.st.stm32cube.ide.mcu.externaltools.gnu-tools-for-stm32.9-2020-q2-update.win32_2.0.0.202105311346/tools/bin/../lib/gcc/arm-none-eabi/9.3.1/../../../../arm-none-eabi/lib/thumb/v7-m/nofp/crt0.o (exit)
e:/stm170/stm32cubeide_1.7.0/stm32cubeide/plugins/com.st.stm32cube.ide.mcu.externaltools.gnu-tools-for-stm32.9-2020-q2-update.win32_2.0.0.202105311346/tools/bin/../lib/gcc/arm-none-eabi/9.3.1/../../../../arm-none-eabi/lib/thumb/v7-m/nofp\libc_nano.a(lib_a-impure.o)
                              e:/stm170/stm32cubeide_1.7.0/stm32cubeide/plugins/com.st.stm32cube.ide.mcu.externaltools.gnu-tools-for-stm32.9-2020-q2-update.win32_2.0.0.202105311346/tools/bin/../lib/gcc/arm-none-eabi/9.3.1/../../../../arm-none-eabi/lib/thumb/v7-m/nofp\libc_nano.a(lib_a-exit.o) (_global_impure_ptr)
e:/stm170/stm32cubeide_1.7.0/stm32cubeide/plugins/com.st.stm32cube.ide.mcu.externaltools.gnu-tools-for-stm32.9-2020-q2-update.win32_2.0.0.202105311346/tools/bin/../lib/gcc/arm-none-eabi/9.3.1/../../../../arm-none-eabi/lib/thumb/v7-m/nofp\libc_nano.a(lib_a-init.o)
                              e:/stm170/stm32cubeide_1.7.0/stm32cubeide/plugins/com.st.stm32cube.ide.mcu.externaltools.gnu-tools-for-stm32.9-2020-q2-update.win32_2.0.0.202105311346/tools/bin/../lib/gcc/arm-none-eabi/9.3.1/../../../../arm-none-eabi/lib/thumb/v7-m/nofp/crt0.o (__libc_init_array)
e:/stm170/stm32cubeide_1.7.0/stm32cubeide/plugins/com.st.stm32cube.ide.mcu.externaltools.gnu-tools-for-stm32.9-2020-q2-update.win32_2.0.0.202105311346/tools/bin/../lib/gcc/arm-none-eabi/9.3.1/../../../../arm-none-eabi/lib/thumb/v7-m/nofp\libc_nano.a(lib_a-memset.o)
                              e:/stm170/stm32cubeide_1.7.0/stm32cubeide/plugins/com.st.stm32cube.ide.mcu.externaltools.gnu-tools-for-stm32.9-2020-q2-update.win32_2.0.0.202105311346/tools/bin/../lib/gcc/arm-none-eabi/9.3.1/../../../../arm-none-eabi/lib/thumb/v7-m/nofp/crt0.o (memset)
e:/stm170/stm32cubeide_1.7.0/stm32cubeide/plugins/com.st.stm32cube.ide.mcu.externaltools.gnu-tools-for-stm32.9-2020-q2-update.win32_2.0.0.202105311346/tools/bin/../lib/gcc/arm-none-eabi/9.3.1/../../../../arm-none-eabi/lib/thumb/v7-m/nofp\libc_nano.a(lib_a-sprintf.o)
                              ./Core/Src/fsm.o (sprintf)
e:/stm170/stm32cubeide_1.7.0/stm32cubeide/plugins/com.st.stm32cube.ide.mcu.externaltools.gnu-tools-for-stm32.9-2020-q2-update.win32_2.0.0.202105311346/tools/bin/../lib/gcc/arm-none-eabi/9.3.1/../../../../arm-none-eabi/lib/thumb/v7-m/nofp\libc_nano.a(lib_a-strcmp.o)
                              ./Core/Src/fsm.o (strcmp)
e:/stm170/stm32cubeide_1.7.0/stm32cubeide/plugins/com.st.stm32cube.ide.mcu.externaltools.gnu-tools-for-stm32.9-2020-q2-update.win32_2.0.0.202105311346/tools/bin/../lib/gcc/arm-none-eabi/9.3.1/../../../../arm-none-eabi/lib/thumb/v7-m/nofp\libc_nano.a(lib_a-strcpy.o)
                              ./Core/Src/fsm.o (strcpy)
e:/stm170/stm32cubeide_1.7.0/stm32cubeide/plugins/com.st.stm32cube.ide.mcu.externaltools.gnu-tools-for-stm32.9-2020-q2-update.win32_2.0.0.202105311346/tools/bin/../lib/gcc/arm-none-eabi/9.3.1/../../../../arm-none-eabi/lib/thumb/v7-m/nofp\libc_nano.a(lib_a-nano-svfprintf.o)
                              e:/stm170/stm32cubeide_1.7.0/stm32cubeide/plugins/com.st.stm32cube.ide.mcu.externaltools.gnu-tools-for-stm32.9-2020-q2-update.win32_2.0.0.202105311346/tools/bin/../lib/gcc/arm-none-eabi/9.3.1/../../../../arm-none-eabi/lib/thumb/v7-m/nofp\libc_nano.a(lib_a-sprintf.o) (_svfprintf_r)
e:/stm170/stm32cubeide_1.7.0/stm32cubeide/plugins/com.st.stm32cube.ide.mcu.externaltools.gnu-tools-for-stm32.9-2020-q2-update.win32_2.0.0.202105311346/tools/bin/../lib/gcc/arm-none-eabi/9.3.1/../../../../arm-none-eabi/lib/thumb/v7-m/nofp\libc_nano.a(lib_a-nano-vfprintf_i.o)
                              e:/stm170/stm32cubeide_1.7.0/stm32cubeide/plugins/com.st.stm32cube.ide.mcu.externaltools.gnu-tools-for-stm32.9-2020-q2-update.win32_2.0.0.202105311346/tools/bin/../lib/gcc/arm-none-eabi/9.3.1/../../../../arm-none-eabi/lib/thumb/v7-m/nofp\libc_nano.a(lib_a-nano-svfprintf.o) (_printf_i)
[...]
Memory Configuration

Name             Origin             Length             Attributes
RAM              0x0000000020000000 0x0000000000005000 xrw
FLASH            0x0000000008000000 0x0000000000020000 xr
*default*        0x0000000000000000 0xffffffffffffffff

Linker script and memory map

LOAD e:/stm170/stm32cubeide_1.7.0/stm32cubeide/plugins/com.st.stm32cube.ide.mcu.externaltools.gnu-tools-for-stm32.9-2020-q2-update.win32_2.0.0.202105311346/tools/bin/../lib/gcc/arm-none-eabi/9.3.1/thumb/v7-m/nofp/crti.o
LOAD e:/stm170/stm32cubeide_1.7.0/stm32cubeide/plugins/com.st.stm32cube.ide.mcu.externaltools.gnu-tools-for-stm32.9-2020-q2-update.win32_2.0.0.202105311346/tools/bin/../lib/gcc/arm-none-eabi/9.3.1/thumb/v7-m/nofp/crtbegin.o
LOAD e:/stm170/stm32cubeide_1.7.0/stm32cubeide/plugins/com.st.stm32cube.ide.mcu.externaltools.gnu-tools-for-stm32.9-2020-q2-update.win32_2.0.0.202105311346/tools/bin/../lib/gcc/arm-none-eabi/9.3.1/../../../../arm-none-eabi/lib/thumb/v7-m/nofp/crt0.o
LOAD ./Core/Src/button.o
LOAD ./Core/Src/fsm.o
LOAD ./Core/Src/i2c-lcd.o
LOAD ./Core/Src/main.o
LOAD ./Core/Src/scheduler.o
LOAD ./Core/Src/stm32f1xx_hal_msp.o
LOAD ./Core/Src/stm32f1xx_it.o
LOAD ./Core/Src/syscalls.o
LOAD ./Core/Src/sysmem.o
LOAD ./Core/Src/system_stm32f1xx.o
LOAD ./Core/Startup/startup_stm32f103rbtx.o
LOAD ./Drivers/STM32F1xx_HAL_Driver/Src/stm32f1xx_hal.o
LOAD ./Drivers/STM32F1xx_HAL_Driver/Src/stm32f1xx_hal_cortex.o
LOAD ./Drivers/STM32F1xx_HAL_Driver/Src/stm32f1xx_hal_dma.o
LOAD ./Drivers/STM32F1xx_HAL_Driver/Src/stm32f1xx_hal_exti.o
LOAD ./Drivers/STM32F1xx_HAL_Driver/Src/stm32f1xx_hal_flash.o
LOAD ./Drivers/STM32F1xx_HAL_Driver/Src/stm32f1xx_hal_flash_ex.o
LOAD ./Drivers/STM32F1xx_HAL_Driver/Src/stm32f1xx_hal_gpio.o
LOAD ./Drivers/STM32F1xx_HAL_Driver/Src/stm32f1xx_hal_gpio_ex.o
LOAD ./Drivers/STM32F1xx_HAL_Driver/Src/stm32f1xx_hal_i2c.o
LOAD ./Drivers/STM32F1xx_HAL_Driver/Src/stm32f1xx_hal_pwr.o
LOAD ./Drivers/STM32F1xx_HAL_Driver/Src/stm32f1xx_hal_rcc.o
LOAD ./Drivers/STM32F1xx_HAL_Driver/Src/stm32f1xx_hal_rcc_ex.o
LOAD ./Drivers/STM32F1xx_HAL_Driver/Src/stm32f1xx_hal_tim.o
LOAD ./Drivers/STM32F1xx_HAL_Driver/Src/stm32f1xx_hal_tim_ex.o
LOAD ./Drivers/STM32F1xx_HAL_Driver/Src/stm32f1xx_hal_uart.o
START GROUP
LOAD e:/stm170/stm32cubeide_1.7.0/stm32cubeide/plugins/com.st.stm32cube.ide.mcu.externaltools.gnu-tools-for-stm32.9-2020-q2-update.win32_2.0.0.202105311346/tools/bin/../lib/gcc/arm-none-eabi/9.3.1/../../../../arm-none-eabi/lib/thumb/v7-m/nofp\libc_nano.a
LOAD e:/stm170/stm32cubeide_1.7.0/stm32cubeide/plugins/com.st.stm32cube.ide.mcu.externaltools.gnu-tools-for-stm32.9-2020-q2-update.win32_2.0.0.202105311346/tools/bin/../lib/gcc/arm-none-eabi/9.3.1/../../../../arm-none-eabi/lib/thumb/v7-m/nofp\libm.a
END GROUP
START GROUP
LOAD e:/stm170/stm32cubeide_1.7.0/stm32cubeide/plugins/com.st.stm32cube.ide.mcu.externaltools.gnu-tools-for-stm32.9-2020-q2-update.win32_2.0.0.202105311346/tools/bin/../lib/gcc/arm-none-eabi/9.3.1/thumb/v7-m/nofp\libgcc.a
LOAD e:/stm170/stm32cubeide_1.7.0/stm32cubeide/plugins/com.st.stm32cube.ide.mcu.externaltools.gnu-tools-for-stm32.9-2020-q2-update.win32_2.0.0.202105311346/tools/bin/../lib/gcc/arm-none-eabi/9.3.1/../../../../arm-none-eabi/lib/thumb/v7-m/nofp\libc_nano.a
END GROUP
START GROUP
LOAD e:/stm170/stm32cubeide_1.7.0/stm32cubeide/plugins/com.st.stm32cube.ide.mcu.externaltools.gnu-tools-for-stm32.9-2020-q2-update.win32_2.0.0.202105311346/tools/bin/../lib/gcc/arm-none-eabi/9.3.1/thumb/v7-m/nofp\libgcc.a
LOAD e:/stm170/stm32cubeide_1.7.0/stm32cubeide/plugins/com.st.stm32cube.ide.mcu.externaltools.gnu-tools-for-stm32.9-2020-q2-update.win32_2.0.0.202105311346/tools/bin/../lib/gcc/arm-none-eabi/9.3.1/../../../../arm-none-eabi/lib/thumb/v7-m/nofp\libc_nano.a
LOAD e:/stm170/stm32cubeide_1.7.0/stm32cubeide/plugins/com.st.stm32cube.ide.mcu.externaltools.gnu-tools-for-stm32.9-2020-q2-update.win32_2.0.0.202105311346/tools/bin/../lib/gcc/arm-none-eabi/9.3.1/../../../../arm-none-eabi/lib/thumb/v7-m/nofp\libnosys.a
END GROUP
START GROUP
LOAD e:/stm170/stm32cubeide_1.7.0/stm32cubeide/plugins/com.st.stm32cube.ide.mcu.externaltools.gnu-tools-for-stm32.9-2020-q2-update.win32_2.0.0.202105311346/tools/bin/../lib/gcc/arm-none-eabi/9.3.1/thumb/v7-m/nofp\libgcc.a
LOAD e:/stm170/stm32cubeide_1.7.0/stm32cubeide/plugins/com.st.stm32cube.ide.mcu.externaltools.gnu-tools-for-stm32.9-2020-q2-update.win32_2.0.0.202105311346/tools/bin/../lib/gcc/arm-none-eabi/9.3.1/../../../../arm-none-eabi/lib/thumb/v7-m/nofp\libc_nano.a
LOAD e:/stm170/stm32cubeide_1.7.0/stm32cubeide/plugins/com.st.stm32cube.ide.mcu.externaltools.gnu-tools-for-stm32.9-2020-q2-update.win32_2.0.0.202105311346/tools/bin/../lib/gcc/arm-none-eabi/9.3.1/../../../../arm-none-eabi/lib/thumb/v7-m/nofp\libnosys.a
END GROUP
LOAD e:/stm170/stm32cubeide_1.7.0/stm32cubeide/plugins/com.st.stm32cube.ide.mcu.externaltools.gnu-tools-for-stm32.9-2020-q2-update.win32_2.0.0.202105311346/tools/bin/../lib/gcc/arm-none-eabi/9.3.1/thumb/v7-m/nofp/crtend.o
LOAD e:/stm170/stm32cubeide_1.7.0/stm32cubeide/plugins/com.st.stm32cube.ide.mcu.externaltools.gnu-tools-for-stm32.9-2020-q2-update.win32_2.0.0.202105311346/tools/bin/../lib/gcc/arm-none-eabi/9.3.1/thumb/v7-m/nofp/crtn.o
                0x0000000020005000                _estack = (ORIGIN (RAM) + LENGTH (RAM))
                0x0000000000000200                _Min_Heap_Size = 0x200
                0x0000000000000400                _Min_Stack_Size = 0x400

.isr_vector     0x0000000008000000      0x10c
                0x0000000008000000                . = ALIGN (0x4)
 *(.isr_vector)
 .isr_vector    0x0000000008000000      0x10c ./Core/Startup/startup_stm32f103rbtx.o
                0x0000000008000000                g_pfnVectors
                0x000000000800010c                . = ALIGN (0x4)

.text           0x000000000800010c     0x3dfc
                0x000000000800010c                . = ALIGN (0x4)
 *(.text)
 .text          0x000000000800010c       0x40 e:/stm170/stm32cubeide_1.7.0/stm32cubeide/plugins/com.st.stm32cube.ide.mcu.externaltools.gnu-tools-for-stm32.9-2020-q2-update.win32_2.0.0.202105311346/tools/bin/../lib/gcc/arm-none-eabi/9.3.1/thumb/v7-m/nofp/crtbegin.o
 .text          0x000000000800014c       0x14 e:/stm170/stm32cubeide_1.7.0/stm32cubeide/plugins/com.st.stm32cube.ide.mcu.externaltools.gnu-tools-for-stm32.9-2020-q2-update.win32_2.0.0.202105311346/tools/bin/../lib/gcc/arm-none-eabi/9.3.1/../../../../arm-none-eabi/lib/thumb/v7-m/nofp\libc_nano.a(lib_a-strcmp.o)
                0x000000000800014c                strcmp
 *(.text*)
 .text.isButtonPressed
                0x0000000008000160       0xbc ./Core/Src/button.o
                0x0000000008000160                isButtonPressed
 .text.Task_Button_Read
                0x000000000800021c        0xc ./Core/Src/button.o
                0x000000000800021c                Task_Button_Read
 .text.lcd_update_line
                0x0000000008000228       0x54 ./Core/Src/fsm.o
 .text.lcd_show_auto_mode
                0x000000000800027c       0x4c ./Core/Src/fsm.o
                0x000000000800027c                lcd_show_auto_mode
 .text.lcd_show_config
                0x00000000080002c8       0xc0 ./Core/Src/fsm.o
                0x00000000080002c8                lcd_show_config
 .text.setModuleLED
                0x0000000008000388       0x42 ./Core/Src/fsm.o
 *fill*         0x00000000080003ca        0x2 
 .text.setTrafficLED
                0x00000000080003cc       0x8c ./Core/Src/fsm.o
                0x00000000080003cc                setTrafficLED
 .text.enterState
                0x0000000008000458       0x34 ./Core/Src/fsm.o
                0x0000000008000458                enterState
 .text.check_button
                0x000000000800048c      0x174 ./Core/Src/fsm.o
                0x000000000800048c                check_button
 .text.run_auto_fsm
                0x0000000008000600      0x19c ./Core/Src/fsm.o
 .text.run_config_blink
                0x000000000800079c       0xa0 ./Core/Src/fsm.o
 .text.Task_FSM
                0x000000000800083c       0x1c ./Core/Src/fsm.o
                0x000000000800083c                Task_FSM
 .text.Task_BlinkLED
                0x0000000008000858       0x18 ./Core/Src/fsm.o
                0x0000000008000858                Task_BlinkLED
 .text.lcd_send_cmd
                0x0000000008000870       0x60 ./Core/Src/i2c-lcd.o
                0x0000000008000870                lcd_send_cmd
 .text.lcd_send_data
                0x00000000080008d0       0x60 ./Core/Src/i2c-lcd.o
                0x00000000080008d0                lcd_send_data
 .text.lcd_init
                0x0000000008000930       0x5c ./Core/Src/i2c-lcd.o
                0x0000000008000930                lcd_init
 .text.lcd_send_string
                0x000000000800098c       0x2a ./Core/Src/i2c-lcd.o
                0x000000000800098c                lcd_send_string
 .text.lcd_clear_display
                0x00000000080009b6       0x14 ./Core/Src/i2c-lcd.o
                0x00000000080009b6                lcd_clear_display
 .text.lcd_goto_XY
                0x00000000080009ca       0x4a ./Core/Src/i2c-lcd.o
                0x00000000080009ca                lcd_goto_XY
 .text.main     0x0000000008000a14       0x98 ./Core/Src/main.o
                0x0000000008000a14                main
 .text.SystemClock_Config
                0x0000000008000aac       0x82 ./Core/Src/main.o
                0x0000000008000aac                SystemClock_Config
 *fill*         0x0000000008000b2e        0x2 
 .text.MX_I2C1_Init
                0x0000000008000b30       0x5c ./Core/Src/main.o
 .text.MX_TIM2_Init
                0x0000000008000b8c       0x98 ./Core/Src/main.o
 .text.MX_USART2_UART_Init
                0x0000000008000c24       0x54 ./Core/Src/main.o
 .text.MX_GPIO_Init
                0x0000000008000c78      0x148 ./Core/Src/main.o
 .text.HAL_TIM_PeriodElapsedCallback
                0x0000000008000dc0       0x1e ./Core/Src/main.o
                0x0000000008000dc0                HAL_TIM_PeriodElapsedCallback
 .text.Error_Handler
                0x0000000008000dde        0xa ./Core/Src/main.o
                0x0000000008000dde                Error_Handler
 .text.wheel_insert
                0x0000000008000de8       0x30 ./Core/Src/scheduler.o
 .text.SCH_Init
                0x0000000008000e18       0xa4 ./Core/Src/scheduler.o
                0x0000000008000e18                SCH_Init
 .text.SCH_Update
                0x0000000008000ebc       0xd4 ./Core/Src/scheduler.o
                0x0000000008000ebc                SCH_Update
 .text.SCH_Dispatch_Tasks
                0x0000000008000f90       0x88 ./Core/Src/scheduler.o
                0x0000000008000f90                SCH_Dispatch_Tasks
 .text.SCH_Add_Task
                0x0000000008001018       0xcc ./Core/Src/scheduler.o
                0x0000000008001018                SCH_Add_Task
 .text.SCH_Delete_Task
                0x00000000080010e4       0x5c ./Core/Src/scheduler.o
                0x00000000080010e4                SCH_Delete_Task
 .text.HAL_MspInit
                0x0000000008001140       0x64 ./Core/Src/stm32f1xx_hal_msp.o
                0x0000000008001140                HAL_MspInit
 .text.HAL_I2C_MspInit
                0x00000000080011a4       0xa0 ./Core/Src/stm32f1xx_hal_msp.o
                0x00000000080011a4                HAL_I2C_MspInit
 .text.HAL_TIM_Base_MspInit
                0x0000000008001244       0x48 ./Core/Src/stm32f1xx_hal_msp.o
                0x0000000008001244                HAL_TIM_Base_MspInit
 .text.HAL_UART_MspInit
                0x000000000800128c       0x7c ./Core/Src/stm32f1xx_hal_msp.o
                0x000000000800128c                HAL_UART_MspInit
 .text.NMI_Handler
                0x0000000008001308        0x6 ./Core/Src/stm32f1xx_it.o
                0x0000000008001308                NMI_Handler
 .text.HardFault_Handler
                0x000000000800130e        0x6 ./Core/Src/stm32f1xx_it.o
                0x000000000800130e                HardFault_Handler
 .text.MemManage_Handler
                0x0000000008001314        0x6 ./Core/Src/stm32f1xx_it.o
                0x0000000008001314                MemManage_Handler
 .text.BusFault_Handler
                0x000000000800131a        0x6 ./Core/Src/stm32f1xx_it.o
                0x000000000800131a                BusFault_Handler
 .text.UsageFault_Handler
                0x0000000008001320        0x6 ./Core/Src/stm32f1xx_it.o
                0x0000000008001320                UsageFault_Handler
 .text.SVC_Handler
                0x0000000008001326        0xc ./Core/Src/stm32f1xx_it.o
                0x0000000008001326                SVC_Handler
 .text.DebugMon_Handler
                0x0000000008001332        0xc ./Core/Src/stm32f1xx_it.o
                0x0000000008001332                DebugMon_Handler
 .text.PendSV_Handler
                0x000000000800133e        0xc ./Core/Src/stm32f1xx_it.o
                0x000000000800133e                PendSV_Handler
 .text.SysTick_Handler
                0x000000000800134a        0xc ./Core/Src/stm32f1xx_it.o
                0x000000000800134a                SysTick_Handler
 *fill*         0x0000000008001356        0x2 
 .text.TIM2_IRQHandler
                0x0000000008001358       0x14 ./Core/Src/stm32f1xx_it.o
                0x0000000008001358                TIM2_IRQHandler
 .text.EXTI15_10_IRQHandler
                0x000000000800136c       0x10 ./Core/Src/stm32f1xx_it.o
                0x000000000800136c                EXTI15_10_IRQHandler
 .text._sbrk    0x000000000800137c       0x6c ./Core/Src/sysmem.o
                0x000000000800137c                _sbrk
 .text.SystemInit
                0x00000000080013e8        0xc ./Core/Src/system_stm32f1xx.o
                0x00000000080013e8                SystemInit
 .text.Reset_Handler
                0x00000000080013f4       0x48 ./Core/Startup/startup_stm32f103rbtx.o
                0x00000000080013f4                Reset_Handler
 .text.Default_Handler
                0x000000000800143c        0x2 ./Core/Startup/startup_stm32f103rbtx.o
                0x000000000800143c                RTC_Alarm_IRQHandler
                0x000000000800143c                EXTI2_IRQHandler
                0x000000000800143c                TIM1_CC_IRQHandler
                0x000000000800143c                PVD_IRQHandler
                0x000000000800143c                EXTI3_IRQHandler
                0x000000000800143c                EXTI0_IRQHandler
                0x000000000800143c                I2C2_EV_IRQHandler
                0x000000000800143c                ADC1_2_IRQHandler
                0x000000000800143c                SPI1_IRQHandler
                0x000000000800143c                TAMPER_IRQHandler
                0x000000000800143c                DMA1_Channel4_IRQHandler
                0x000000000800143c                USART3_IRQHandler
                0x000000000800143c                RTC_IRQHandler
                0x000000000800143c                DMA1_Channel7_IRQHandler
                0x000000000800143c                CAN1_RX1_IRQHandler
                0x000000000800143c                TIM4_IRQHandler
                0x000000000800143c                I2C1_EV_IRQHandler
                0x000000000800143c                DMA1_Channel6_IRQHandler
                0x000000000800143c                TIM3_IRQHandler
                0x000000000800143c                RCC_IRQHandler
                0x000000000800143c                TIM1_TRG_COM_IRQHandler
                0x000000000800143c                DMA1_Channel1_IRQHandler
                0x000000000800143c                Default_Handler
                0x000000000800143c                EXTI9_5_IRQHandler
                0x000000000800143c                SPI2_IRQHandler
                0x000000000800143c                DMA1_Channel5_IRQHandler
                0x000000000800143c                EXTI4_IRQHandler
                0x000000000800143c                USB_LP_CAN1_RX0_IRQHandler
                0x000000000800143c                USB_HP_CAN1_TX_IRQHandler
                0x000000000800143c                DMA1_Channel3_IRQHandler
                0x000000000800143c                TIM1_UP_IRQHandler
                0x000000000800143c                WWDG_IRQHandler
                0x000000000800143c                TIM1_BRK_IRQHandler
                0x000000000800143c                EXTI1_IRQHandler
                0x000000000800143c                USART2_IRQHandler
                0x000000000800143c                I2C2_ER_IRQHandler
                0x000000000800143c                DMA1_Channel2_IRQHandler
                0x000000000800143c                CAN1_SCE_IRQHandler
                0x000000000800143c                FLASH_IRQHandler
                0x000000000800143c                USART1_IRQHandler
                0x000000000800143c                I2C1_ER_IRQHandler
                0x000000000800143c                USBWakeUp_IRQHandler
 *fill*         0x000000000800143e        0x2 
 .text.HAL_Init
                0x0000000008001440       0x2c ./Drivers/STM32F1xx_HAL_Driver/Src/stm32f1xx_hal.o
                0x0000000008001440                HAL_Init
 .text.HAL_InitTick
                0x000000000800146c       0x60 ./Drivers/STM32F1xx_HAL_Driver/Src/stm32f1xx_hal.o
                0x000000000800146c                HAL_InitTick
 .text.HAL_IncTick
                0x00000000080014cc       0x24 ./Drivers/STM32F1xx_HAL_Driver/Src/stm32f1xx_hal.o
                0x00000000080014cc                HAL_IncTick
 .text.HAL_GetTick
                0x00000000080014f0       0x14 ./Drivers/STM32F1xx_HAL_Driver/Src/stm32f1xx_hal.o
                0x00000000080014f0                HAL_GetTick
 .text.HAL_Delay
                0x0000000008001504       0x48 ./Drivers/STM32F1xx_HAL_Driver/Src/stm32f1xx_hal.o
                0x0000000008001504                HAL_Delay
 .text.__NVIC_SetPriorityGrouping
                0x000000000800154c       0x48 ./Drivers/STM32F1xx_HAL_Driver/Src/stm32f1xx_hal_cortex.o
 .text.__NVIC_GetPriorityGrouping
                0x0000000008001594       0x1c ./Drivers/STM32F1xx_HAL_Driver/Src/stm32f1xx_hal_cortex.o
 .text.__NVIC_EnableIRQ
                0x00000000080015b0       0x38 ./Drivers/STM32F1xx_HAL_Driver/Src/stm32f1xx_hal_cortex.o
 .text.__NVIC_SetPriority
                0x00000000080015e8       0x54 ./Drivers/STM32F1xx_HAL_Driver/Src/stm32f1xx_hal_cortex.o
 .text.NVIC_EncodePriority
                0x000000000800163c       0x64 ./Drivers/STM32F1xx_HAL_Driver/Src/stm32f1xx_hal_cortex.o
 .text.SysTick_Config
                0x00000000080016a0       0x44 ./Drivers/STM32F1xx_HAL_Driver/Src/stm32f1xx_hal_cortex.o
 .text.HAL_NVIC_SetPriorityGrouping
                0x00000000080016e4       0x16 ./Drivers/STM32F1xx_HAL_Driver/Src/stm32f1xx_hal_cortex.o
                0x00000000080016e4                HAL_NVIC_SetPriorityGrouping
 .text.HAL_NVIC_SetPriority
                0x00000000080016fa       0x38 ./Drivers/STM32F1xx_HAL_Driver/Src/stm32f1xx_hal_cortex.o
                0x00000000080016fa                HAL_NVIC_SetPriority
 .text.HAL_NVIC_EnableIRQ
                0x0000000008001732       0x1c ./Drivers/STM32F1xx_HAL_Driver/Src/stm32f1xx_hal_cortex.o
                0x0000000008001732                HAL_NVIC_EnableIRQ
 .text.HAL_SYSTICK_Config
                0x000000000800174e       0x18 ./Drivers/STM32F1xx_HAL_Driver/Src/stm32f1xx_hal_cortex.o
                0x000000000800174e                HAL_SYSTICK_Config
 *fill*         0x0000000008001766        0x2 
 .text.HAL_GPIO_Init
                0x0000000008001768      0x308 ./Drivers/STM32F1xx_HAL_Driver/Src/stm32f1xx_hal_gpio.o
                0x0000000008001768                HAL_GPIO_Init
 .text.HAL_GPIO_ReadPin
                0x0000000008001a70       0x2e ./Drivers/STM32F1xx_HAL_Driver/Src/stm32f1xx_hal_gpio.o
                0x0000000008001a70                HAL_GPIO_ReadPin
 .text.HAL_GPIO_WritePin
                0x0000000008001a9e       0x30 ./Drivers/STM32F1xx_HAL_Driver/Src/stm32f1xx_hal_gpio.o
                0x0000000008001a9e                HAL_GPIO_WritePin
 *fill*         0x0000000008001ace        0x2 
 .text.HAL_GPIO_EXTI_IRQHandler
                0x0000000008001ad0       0x30 ./Drivers/STM32F1xx_HAL_Driver/Src/stm32f1xx_hal_gpio.o
                0x0000000008001ad0                HAL_GPIO_EXTI_IRQHandler
 .text.HAL_GPIO_EXTI_Callback
                0x0000000008001b00       0x14 ./Drivers/STM32F1xx_HAL_Driver/Src/stm32f1xx_hal_gpio.o
                0x0000000008001b00                HAL_GPIO_EXTI_Callback
 .text.HAL_I2C_Init
                0x0000000008001b14      0x288 ./Drivers/STM32F1xx_HAL_Driver/Src/stm32f1xx_hal_i2c.o
                0x0000000008001b14                HAL_I2C_Init
 .text.HAL_I2C_Master_Transmit
                0x0000000008001d9c      0x1fc ./Drivers/STM32F1xx_HAL_Driver/Src/stm32f1xx_hal_i2c.o
                0x0000000008001d9c                HAL_I2C_Master_Transmit
 .text.I2C_MasterRequestWrite
                0x0000000008001f98      0x104 ./Drivers/STM32F1xx_HAL_Driver/Src/stm32f1xx_hal_i2c.o
 .text.I2C_WaitOnFlagUntilTimeout
                0x000000000800209c       0xf4 ./Drivers/STM32F1xx_HAL_Driver/Src/stm32f1xx_hal_i2c.o
 .text.I2C_WaitOnMasterAddressFlagUntilTimeout
                0x0000000008002190      0x140 ./Drivers/STM32F1xx_HAL_Driver/Src/stm32f1xx_hal_i2c.o
 .text.I2C_WaitOnTXEFlagUntilTimeout
                0x00000000080022d0       0x90 ./Drivers/STM32F1xx_HAL_Driver/Src/stm32f1xx_hal_i2c.o
 .text.I2C_WaitOnBTFFlagUntilTimeout
                0x0000000008002360       0x90 ./Drivers/STM32F1xx_HAL_Driver/Src/stm32f1xx_hal_i2c.o
 .text.I2C_IsAcknowledgeFailed
                0x00000000080023f0       0x5c ./Drivers/STM32F1xx_HAL_Driver/Src/stm32f1xx_hal_i2c.o
 .text.HAL_RCC_OscConfig
                0x000000000800244c      0x500 ./Drivers/STM32F1xx_HAL_Driver/Src/stm32f1xx_hal_rcc.o
                0x000000000800244c                HAL_RCC_OscConfig
 .text.HAL_RCC_ClockConfig
                0x000000000800294c      0x1d4 ./Drivers/STM32F1xx_HAL_Driver/Src/stm32f1xx_hal_rcc.o
                0x000000000800294c                HAL_RCC_ClockConfig
 .text.HAL_RCC_GetSysClockFreq
                0x0000000008002b20       0xa8 ./Drivers/STM32F1xx_HAL_Driver/Src/stm32f1xx_hal_rcc.o
                0x0000000008002b20                HAL_RCC_GetSysClockFreq
 .text.HAL_RCC_GetHCLKFreq
                0x0000000008002bc8       0x14 ./Drivers/STM32F1xx_HAL_Driver/Src/stm32f1xx_hal_rcc.o
                0x0000000008002bc8                HAL_RCC_GetHCLKFreq
 .text.HAL_RCC_GetPCLK1Freq
                0x0000000008002bdc       0x28 ./Drivers/STM32F1xx_HAL_Driver/Src/stm32f1xx_hal_rcc.o
                0x0000000008002bdc                HAL_RCC_GetPCLK1Freq
 .text.HAL_RCC_GetPCLK2Freq
                0x0000000008002c04       0x28 ./Drivers/STM32F1xx_HAL_Driver/Src/stm32f1xx_hal_rcc.o
                0x0000000008002c04                HAL_RCC_GetPCLK2Freq
 .text.RCC_Delay
                0x0000000008002c2c       0x3c ./Drivers/STM32F1xx_HAL_Driver/Src/stm32f1xx_hal_rcc.o
 .text.HAL_TIM_Base_Init
                0x0000000008002c68       0x9e ./Drivers/STM32F1xx_HAL_Driver/Src/stm32f1xx_hal_tim.o
                0x0000000008002c68                HAL_TIM_Base_Init
 *fill*         0x0000000008002d06        0x2 
 .text.HAL_TIM_Base_Start_IT
                0x0000000008002d08       0xa4 ./Drivers/STM32F1xx_HAL_Driver/Src/stm32f1xx_hal_tim.o
                0x0000000008002d08                HAL_TIM_Base_Start_IT
 .text.HAL_TIM_IRQHandler
                0x0000000008002dac      0x1e0 ./Drivers/STM32F1xx_HAL_Driver/Src/stm32f1xx_hal_tim.o
                0x0000000008002dac                HAL_TIM_IRQHandler
 .text.HAL_TIM_ConfigClockSource
                0x0000000008002f8c      0x18e ./Drivers/STM32F1xx_HAL_Driver/Src/stm32f1xx_hal_tim.o
                0x0000000008002f8c                HAL_TIM_ConfigClockSource
 .text.HAL_TIM_OC_DelayElapsedCallback
                0x000000000800311a       0x12 ./Drivers/STM32F1xx_HAL_Driver/Src/stm32f1xx_hal_tim.o
                0x000000000800311a                HAL_TIM_OC_DelayElapsedCallback
 .text.HAL_TIM_IC_CaptureCallback
                0x000000000800312c       0x12 ./Drivers/STM32F1xx_HAL_Driver/Src/stm32f1xx_hal_tim.o
                0x000000000800312c                HAL_TIM_IC_CaptureCallback
 .text.HAL_TIM_PWM_PulseFinishedCallback
                0x000000000800313e       0x12 ./Drivers/STM32F1xx_HAL_Driver/Src/stm32f1xx_hal_tim.o
                0x000000000800313e                HAL_TIM_PWM_PulseFinishedCallback
 .text.HAL_TIM_TriggerCallback
                0x0000000008003150       0x12 ./Drivers/STM32F1xx_HAL_Driver/Src/stm32f1xx_hal_tim.o
                0x0000000008003150                HAL_TIM_TriggerCallback
 *fill*         0x0000000008003162        0x2 
 .text.TIM_Base_SetConfig
                0x0000000008003164       0xdc ./Drivers/STM32F1xx_HAL_Driver/Src/stm32f1xx_hal_tim.o
                0x0000000008003164                TIM_Base_SetConfig
 .text.TIM_TI1_ConfigInputStage
                0x0000000008003240       0x5c ./Drivers/STM32F1xx_HAL_Driver/Src/stm32f1xx_hal_tim.o
 .text.TIM_TI2_ConfigInputStage
                0x000000000800329c       0x5e ./Drivers/STM32F1xx_HAL_Driver/Src/stm32f1xx_hal_tim.o
 .text.TIM_ITRx_SetConfig
                0x00000000080032fa       0x34 ./Drivers/STM32F1xx_HAL_Driver/Src/stm32f1xx_hal_tim.o
 .text.TIM_ETR_SetConfig
                0x000000000800332e       0x3e ./Drivers/STM32F1xx_HAL_Driver/Src/stm32f1xx_hal_tim.o
                0x000000000800332e                TIM_ETR_SetConfig
 .text.HAL_TIMEx_MasterConfigSynchronization
                0x000000000800336c       0xbc ./Drivers/STM32F1xx_HAL_Driver/Src/stm32f1xx_hal_tim_ex.o
                0x000000000800336c                HAL_TIMEx_MasterConfigSynchronization
 .text.HAL_TIMEx_CommutCallback
                0x0000000008003428       0x12 ./Drivers/STM32F1xx_HAL_Driver/Src/stm32f1xx_hal_tim_ex.o
                0x0000000008003428                HAL_TIMEx_CommutCallback
 .text.HAL_TIMEx_BreakCallback
                0x000000000800343a       0x12 ./Drivers/STM32F1xx_HAL_Driver/Src/stm32f1xx_hal_tim_ex.o
                0x000000000800343a                HAL_TIMEx_BreakCallback
 .text.HAL_UART_Init
                0x000000000800344c       0xa0 ./Drivers/STM32F1xx_HAL_Driver/Src/stm32f1xx_hal_uart.o
                0x000000000800344c                HAL_UART_Init
 .text.UART_SetConfig
                0x00000000080034ec      0x11c ./Drivers/STM32F1xx_HAL_Driver/Src/stm32f1xx_hal_uart.o
 .text.__errno  0x0000000008003608        0xc e:/stm170/stm32cubeide_1.7.0/stm32cubeide/plugins/com.st.stm32cube.ide.mcu.externaltools.gnu-tools-for-stm32.9-2020-q2-update.win32_2.0.0.202105311346/tools/bin/../lib/gcc/arm-none-eabi/9.3.1/../../../../arm-none-eabi/lib/thumb/v7-m/nofp\libc_nano.a(lib_a-errno.o)
                0x0000000008003608                __errno
 .text.__libc_init_array
                0x0000000008003614       0x48 e:/stm170/stm32cubeide_1.7.0/stm32cubeide/plugins/com.st.stm32cube.ide.mcu.externaltools.gnu-tools-for-stm32.9-2020-q2-update.win32_2.0.0.202105311346/tools/bin/../lib/gcc/arm-none-eabi/9.3.1/../../../../arm-none-eabi/lib/thumb/v7-m/nofp\libc_nano.a(lib_a-init.o)
                0x0000000008003614                __libc_init_array
 .text.memset   0x000000000800365c       0x10 e:/stm170/stm32cubeide_1.7.0/stm32cubeide/plugins/com.st.stm32cube.ide.mcu.externaltools.gnu-tools-for-stm32.9-2020-q2-update.win32_2.0.0.202105311346/tools/bin/../lib/gcc/arm-none-eabi/9.3.1/../../../../arm-none-eabi/lib/thumb/v7-m/nofp\libc_nano.a(lib_a-memset.o)
                0x000000000800365c                memset
 .text.sprintf  0x000000000800366c       0x40 e:/stm170/stm32cubeide_1.7.0/stm32cubeide/plugins/com.st.stm32cube.ide.mcu.externaltools.gnu-tools-for-stm32.9-2020-q2-update.win32_2.0.0.202105311346/tools/bin/../lib/gcc/arm-none-eabi/9.3.1/../../../../arm-none-eabi/lib/thumb/v7-m/nofp\libc_nano.a(lib_a-sprintf.o)
                0x000000000800366c                siprintf
                0x000000000800366c                sprintf
 .text.strcpy   0x00000000080036ac       0x10 e:/stm170/stm32cubeide_1.7.0/stm32cubeide/plugins/com.st.stm32cube.ide.mcu.externaltools.gnu-tools-for-stm32.9-2020-q2-update.win32_2.0.0.202105311346/tools/bin/../lib/gcc/arm-none-eabi/9.3.1/../../../../arm-none-eabi/lib/thumb/v7-m/nofp\libc_nano.a(lib_a-strcpy.o)
                0x00000000080036ac                strcpy
 .text.__ssputs_r
                0x00000000080036bc       0xb6 e:/stm170/stm32cubeide_1.7.0/stm32cubeide/plugins/com.st.stm32cube.ide.mcu.externaltools.gnu-tools-for-stm32.9-2020-q2-update.win32_2.0.0.202105311346/tools/bin/../lib/gcc/arm-none-eabi/9.3.1/../../../../arm-none-eabi/lib/thumb/v7-m/nofp\libc_nano.a(lib_a-nano-svfprintf.o)
                0x00000000080036bc                __ssputs_r
 *fill*         0x0000000008003772        0x2 
 .text._svfprintf_r
                0x0000000008003774      0x200 e:/stm170/stm32cubeide_1.7.0/stm32cubeide/plugins/com.st.stm32cube.ide.mcu.externaltools.gnu-tools-for-stm32.9-2020-q2-update.win32_2.0.0.202105311346/tools/bin/../lib/gcc/arm-none-eabi/9.3.1/../../../../arm-none-eabi/lib/thumb/v7-m/nofp\libc_nano.a(lib_a-nano-svfprintf.o)
                0x0000000008003774                _svfiprintf_r
                0x0000000008003774                _svfprintf_r
 .text._printf_common
                0x0000000008003974       0xde e:/stm170/stm32cubeide_1.7.0/stm32cubeide/plugins/com.st.stm32cube.ide.mcu.externaltools.gnu-tools-for-stm32.9-2020-q2-update.win32_2.0.0.202105311346/tools/bin/../lib/gcc/arm-none-eabi/9.3.1/../../../../arm-none-eabi/lib/thumb/v7-m/nofp\libc_nano.a(lib_a-nano-vfprintf_i.o)
                0x0000000008003974                _printf_common
 *fill*         0x0000000008003a52        0x2 
 .text._printf_i
                0x0000000008003a54      0x24c e:/stm170/stm32cubeide_1.7.0/stm32cubeide/plugins/com.st.stm32cube.ide.mcu.externaltools.gnu-tools-for-stm32.9-2020-q2-update.win32_2.0.0.202105311346/tools/bin/../lib/gcc/arm-none-eabi/9.3.1/../../../../arm-none-eabi/lib/thumb/v7-m/nofp\libc_nano.a(lib_a-nano-vfprintf_i.o)
                0x0000000008003a54                _printf_i
 .text.memchr   0x0000000008003ca0       0x1c e:/stm170/stm32cubeide_1.7.0/stm32cubeide/plugins/com.st.stm32cube.ide.mcu.externaltools.gnu-tools-for-stm32.9-2020-q2-update.win32_2.0.0.202105311346/tools/bin/../lib/gcc/arm-none-eabi/9.3.1/../../../../arm-none-eabi/lib/thumb/v7-m/nofp\libc_nano.a(lib_a-memchr-stub.o)
                0x0000000008003ca0                memchr
 .text.memcpy   0x0000000008003cbc       0x1c e:/stm170/stm32cubeide_1.7.0/stm32cubeide/plugins/com.st.stm32cube.ide.mcu.externaltools.gnu-tools-for-stm32.9-2020-q2-update.win32_2.0.0.202105311346/tools/bin/../lib/gcc/arm-none-eabi/9.3.1/../../../../arm-none-eabi/lib/thumb/v7-m/nofp\libc_nano.a(lib_a-memcpy-stub.o)
                0x0000000008003cbc                memcpy
 .text.memmove  0x0000000008003cd8       0x34 e:/stm170/stm32cubeide_1.7.0/stm32cubeide/plugins/com.st.stm32cube.ide.mcu.externaltools.gnu-tools-for-stm32.9-2020-q2-update.win32_2.0.0.202105311346/tools/bin/../lib/gcc/arm-none-eabi/9.3.1/../../../../arm-none-eabi/lib/thumb/v7-m/nofp\libc_nano.a(lib_a-memmove.o)
                0x0000000008003cd8                memmove
 .text._free_r  0x0000000008003d0c       0x98 e:/stm170/stm32cubeide_1.7.0/stm32cubeide/plugins/com.st.stm32cube.ide.mcu.externaltools.gnu-tools-for-stm32.9-2020-q2-update.win32_2.0.0.202105311346/tools/bin/../lib/gcc/arm-none-eabi/9.3.1/../../../../arm-none-eabi/lib/thumb/v7-m/nofp\libc_nano.a(lib_a-nano-freer.o)
                0x0000000008003d0c                _free_r
 .text._malloc_r
                0x0000000008003da4       0xb4 e:/stm170/stm32cubeide_1.7.0/stm32cubeide/plugins/com.st.stm32cube.ide.mcu.externaltools.gnu-tools-for-stm32.9-2020-q2-update.win32_2.0.0.202105311346/tools/bin/../lib/gcc/arm-none-eabi/9.3.1/../../../../arm-none-eabi/lib/thumb/v7-m/nofp\libc_nano.a(lib_a-nano-mallocr.o)
                0x0000000008003da4                _malloc_r
 .text._realloc_r
                0x0000000008003e58       0x4c e:/stm170/stm32cubeide_1.7.0/stm32cubeide/plugins/com.st.stm32cube.ide.mcu.externaltools.gnu-tools-for-stm32.9-2020-q2-update.win32_2.0.0.202105311346/tools/bin/../lib/gcc/arm-none-eabi/9.3.1/../../../../arm-none-eabi/lib/thumb/v7-m/nofp\libc_nano.a(lib_a-nano-reallocr.o)
                0x0000000008003e58                _realloc_r
 .text._sbrk_r  0x0000000008003ea4       0x20 e:/stm170/stm32cubeide_1.7.0/stm32cubeide/plugins/com.st.stm32cube.ide.mcu.externaltools.gnu-tools-for-stm32.9-2020-q2-update.win32_2.0.0.202105311346/tools/bin/../lib/gcc/arm-none-eabi/9.3.1/../../../../arm-none-eabi/lib/thumb/v7-m/nofp\libc_nano.a(lib_a-sbrkr.o)
                0x0000000008003ea4                _sbrk_r
 .text.__malloc_lock
                0x0000000008003ec4        0xc e:/stm170/stm32cubeide_1.7.0/stm32cubeide/plugins/com.st.stm32cube.ide.mcu.externaltools.gnu-tools-for-stm32.9-2020-q2-update.win32_2.0.0.202105311346/tools/bin/../lib/gcc/arm-none-eabi/9.3.1/../../../../arm-none-eabi/lib/thumb/v7-m/nofp\libc_nano.a(lib_a-mlock.o)
                0x0000000008003ec4                __malloc_lock
 .text.__malloc_unlock
                0x0000000008003ed0        0xc e:/stm170/stm32cubeide_1.7.0/stm32cubeide/plugins/com.st.stm32cube.ide.mcu.externaltools.gnu-tools-for-stm32.9-2020-q2-update.win32_2.0.0.202105311346/tools/bin/../lib/gcc/arm-none-eabi/9.3.1/../../../../arm-none-eabi/lib/thumb/v7-m/nofp\libc_nano.a(lib_a-mlock.o)
                0x0000000008003ed0                __malloc_unlock
 .text._malloc_usable_size_r
                0x0000000008003edc       0x10 e:/stm170/stm32cubeide_1.7.0/stm32cubeide/plugins/com.st.stm32cube.ide.mcu.externaltools.gnu-tools-for-stm32.9-2020-q2-update.win32_2.0.0.202105311346/tools/bin/../lib/gcc/arm-none-eabi/9.3.1/../../../../arm-none-eabi/lib/thumb/v7-m/nofp\libc_nano.a(lib_a-nano-msizer.o)
                0x0000000008003edc                _malloc_usable_size_r
 .text.__retarget_lock_acquire_recursive
                0x0000000008003eec        0x2 e:/stm170/stm32cubeide_1.7.0/stm32cubeide/plugins/com.st.stm32cube.ide.mcu.externaltools.gnu-tools-for-stm32.9-2020-q2-update.win32_2.0.0.202105311346/tools/bin/../lib/gcc/arm-none-eabi/9.3.1/../../../../arm-none-eabi/lib/thumb/v7-m/nofp\libc_nano.a(lib_a-lock.o)
                0x0000000008003eec                __retarget_lock_acquire_recursive
 .text.__retarget_lock_release_recursive
                0x0000000008003eee        0x2 e:/stm170/stm32cubeide_1.7.0/stm32cubeide/plugins/com.st.stm32cube.ide.mcu.externaltools.gnu-tools-for-stm32.9-2020-q2-update.win32_2.0.0.202105311346/tools/bin/../lib/gcc/arm-none-eabi/9.3.1/../../../../arm-none-eabi/lib/thumb/v7-m/nofp\libc_nano.a(lib_a-lock.o)
                0x0000000008003eee                __retarget_lock_release_recursive
 *(.glue_7)
 .glue_7        0x0000000008003ef0        0x0 linker stubs
 *(.glue_7t)
 .glue_7t       0x0000000008003ef0        0x0 linker stubs
 *(.eh_frame)
 .eh_frame      0x0000000008003ef0        0x0 e:/stm170/stm32cubeide_1.7.0/stm32cubeide/plugins/com.st.stm32cube.ide.mcu.externaltools.gnu-tools-for-stm32.9-2020-q2-update.win32_2.0.0.202105311346/tools/bin/../lib/gcc/arm-none-eabi/9.3.1/thumb/v7-m/nofp/crtbegin.o
 *(.init)
 .init          0x0000000008003ef0        0x4 e:/stm170/stm32cubeide_1.7.0/stm32cubeide/plugins/com.st.stm32cube.ide.mcu.externaltools.gnu-tools-for-stm32.9-2020-q2-update.win32_2.0.0.202105311346/tools/bin/../lib/gcc/arm-none-eabi/9.3.1/thumb/v7-m/nofp/crti.o
                0x0000000008003ef0                _init
 .init          0x0000000008003ef4        0x8 e:/stm170/stm32cubeide_1.7.0/stm32cubeide/plugins/com.st.stm32cube.ide.mcu.externaltools.gnu-tools-for-stm32.9-2020-q2-update.win32_2.0.0.202105311346/tools/bin/../lib/gcc/arm-none-eabi/9.3.1/thumb/v7-m/nofp/crtn.o
 *(.fini)
 .fini          0x0000000008003efc        0x4 e:/stm170/stm32cubeide_1.7.0/stm32cubeide/plugins/com.st.stm32cube.ide.mcu.externaltools.gnu-tools-for-stm32.9-2020-q2-update.win32_2.0.0.202105311346/tools/bin/../lib/gcc/arm-none-eabi/9.3.1/thumb/v7-m/nofp/crti.o
                0x0000000008003efc                _fini
 .fini          0x0000000008003f00        0x8 e:/stm170/stm32cubeide_1.7.0/stm32cubeide/plugins/com.st.stm32cube.ide.mcu.externaltools.gnu-tools-for-stm32.9-2020-q2-update.win32_2.0.0.202105311346/tools/bin/../lib/gcc/arm-none-eabi/9.3.1/thumb/v7-m/nofp/crtn.o
                0x0000000008003f08                . = ALIGN (0x4)
                0x0000000008003f08                _etext = .

.vfp11_veneer   0x0000000008003f08        0x0
 .vfp11_veneer  0x0000000008003f08        0x0 linker stubs

.v4_bx          0x0000000008003f08        0x0
 .v4_bx         0x0000000008003f08        0x0 linker stubs

.iplt           0x0000000008003f08        0x0
 .iplt          0x0000000008003f08        0x0 e:/stm170/stm32cubeide_1.7.0/stm32cubeide/plugins/com.st.stm32cube.ide.mcu.externaltools.gnu-tools-for-stm32.9-2020-q2-update.win32_2.0.0.202105311346/tools/bin/../lib/gcc/arm-none-eabi/9.3.1/thumb/v7-m/nofp/crtbegin.o

.rodata         0x0000000008003f08       0xf8
                0x0000000008003f08                . = ALIGN (0x4)
 *(.rodata)
 .rodata        0x0000000008003f08       0x20 ./Core/Src/button.o
 .rodata        0x0000000008003f28       0x77 ./Core/Src/fsm.o
 *(.rodata*)
 *fill*         0x0000000008003f9f        0x1 
 .rodata.AHBPrescTable
                0x0000000008003fa0       0x10 ./Core/Src/system_stm32f1xx.o
                0x0000000008003fa0                AHBPrescTable
 .rodata.APBPrescTable
                0x0000000008003fb0        0x8 ./Core/Src/system_stm32f1xx.o
                0x0000000008003fb0                APBPrescTable
 .rodata.aPLLMULFactorTable.6442
                0x0000000008003fb8       0x10 ./Drivers/STM32F1xx_HAL_Driver/Src/stm32f1xx_hal_rcc.o
 .rodata.aPredivFactorTable.6443
                0x0000000008003fc8        0x2 ./Drivers/STM32F1xx_HAL_Driver/Src/stm32f1xx_hal_rcc.o
 .rodata._svfprintf_r.str1.1
                0x0000000008003fca       0x11 e:/stm170/stm32cubeide_1.7.0/stm32cubeide/plugins/com.st.stm32cube.ide.mcu.externaltools.gnu-tools-for-stm32.9-2020-q2-update.win32_2.0.0.202105311346/tools/bin/../lib/gcc/arm-none-eabi/9.3.1/../../../../arm-none-eabi/lib/thumb/v7-m/nofp\libc_nano.a(lib_a-nano-svfprintf.o)
 .rodata._printf_i.str1.1
                0x0000000008003fdb       0x22 e:/stm170/stm32cubeide_1.7.0/stm32cubeide/plugins/com.st.stm32cube.ide.mcu.externaltools.gnu-tools-for-stm32.9-2020-q2-update.win32_2.0.0.202105311346/tools/bin/../lib/gcc/arm-none-eabi/9.3.1/../../../../arm-none-eabi/lib/thumb/v7-m/nofp\libc_nano.a(lib_a-nano-vfprintf_i.o)
                0x0000000008004000                . = ALIGN (0x4)
 *fill*         0x0000000008003ffd        0x3 

.rel.dyn        0x0000000008004000        0x0
 .rel.iplt      0x0000000008004000        0x0 e:/stm170/stm32cubeide_1.7.0/stm32cubeide/plugins/com.st.stm32cube.ide.mcu.externaltools.gnu-tools-for-stm32.9-2020-q2-update.win32_2.0.0.202105311346/tools/bin/../lib/gcc/arm-none-eabi/9.3.1/thumb/v7-m/nofp/crtbegin.o

.ARM.extab      0x0000000008004000        0x0
                0x0000000008004000                . = ALIGN (0x4)
 *(.ARM.extab* .gnu.linkonce.armextab.*)
                0x0000000008004000                . = ALIGN (0x4)

.ARM            0x0000000008004000        0x0
                0x0000000008004000                . = ALIGN (0x4)
                0x0000000008004000                __exidx_start = .
 *(.ARM.exidx*)
                0x0000000008004000                __exidx_end = .
                0x0000000008004000                . = ALIGN (0x4)

.preinit_array  0x0000000008004000        0x0
                0x0000000008004000                . = ALIGN (0x4)
                0x0000000008004000                PROVIDE (__preinit_array_start = .)
 *(.preinit_array*)
                0x0000000008004000                PROVIDE (__preinit_array_end = .)
                0x0000000008004000                . = ALIGN (0x4)

.init_array     0x0000000008004000        0x4
                0x0000000008004000                . = ALIGN (0x4)
                0x0000000008004000                PROVIDE (__init_array_start = .)
 *(SORT_BY_NAME(.init_array.*))
 *(.init_array*)
 .init_array    0x0000000008004000        0x4 e:/stm170/stm32cubeide_1.7.0/stm32cubeide/plugins/com.st.stm32cube.ide.mcu.externaltools.gnu-tools-for-stm32.9-2020-q2-update.win32_2.0.0.202105311346/tools/bin/../lib/gcc/arm-none-eabi/9.3.1/thumb/v7-m/nofp/crtbegin.o
                0x0000000008004004                PROVIDE (__init_array_end = .)
                0x0000000008004004                . = ALIGN (0x4)

.fini_array     0x0000000008004004        0x4
                0x0000000008004004                . = ALIGN (0x4)
                [!provide]                        PROVIDE (__fini_array_start = .)
 *(SORT_BY_NAME(.fini_array.*))
 *(.fini_array*)
 .fini_array    0x0000000008004004        0x4 e:/stm170/stm32cubeide_1.7.0/stm32cubeide/plugins/com.st.stm32cube.ide.mcu.externaltools.gnu-tools-for-stm32.9-2020-q2-update.win32_2.0.0.202105311346/tools/bin/../lib/gcc/arm-none-eabi/9.3.1/thumb/v7-m/nofp/crtbegin.o
                [!provide]                        PROVIDE (__fini_array_end = .)
                0x0000000008004008                . = ALIGN (0x4)
                0x0000000008004008                _sidata = LOADADDR (.data)

.data           0x0000000020000000       0x8c load address 0x0000000008004008
                0x0000000020000000                . = ALIGN (0x4)
                0x0000000020000000                _sdata = .
 *(.data)
 *(.data*)
 .data.previous_states
                0x0000000020000000        0xc ./Core/Src/button.o
 .data.mode     0x000000002000000c        0x4 ./Core/Src/fsm.o
                0x000000002000000c                mode
 .data.red_time
                0x0000000020000010        0x4 ./Core/Src/fsm.o
 .data.yellow_time
                0x0000000020000014        0x4 ./Core/Src/fsm.o
 .data.green_time
                0x0000000020000018        0x4 ./Core/Src/fsm.o
 .data.SystemCoreClock
                0x000000002000001c        0x4 ./Core/Src/system_stm32f1xx.o
                0x000000002000001c                SystemCoreClock
 .data.uwTickPrio
                0x0000000020000020        0x4 ./Drivers/STM32F1xx_HAL_Driver/Src/stm32f1xx_hal.o
                0x0000000020000020                uwTickPrio
 .data.uwTickFreq
                0x0000000020000024        0x1 ./Drivers/STM32F1xx_HAL_Driver/Src/stm32f1xx_hal.o
                0x0000000020000024                uwTickFreq
 *fill*         0x0000000020000025        0x3 
 .data._impure_ptr
                0x0000000020000028        0x4 e:/stm170/stm32cubeide_1.7.0/stm32cubeide/plugins/com.st.stm32cube.ide.mcu.externaltools.gnu-tools-for-stm32.9-2020-q2-update.win32_2.0.0.202105311346/tools/bin/../lib/gcc/arm-none-eabi/9.3.1/../../../../arm-none-eabi/lib/thumb/v7-m/nofp\libc_nano.a(lib_a-impure.o)
                0x0000000020000028                _impure_ptr
 .data.impure_data
                0x000000002000002c       0x60 e:/stm170/stm32cubeide_1.7.0/stm32cubeide/plugins/com.st.stm32cube.ide.mcu.externaltools.gnu-tools-for-stm32.9-2020-q2-update.win32_2.0.0.202105311346/tools/bin/../lib/gcc/arm-none-eabi/9.3.1/../../../../arm-none-eabi/lib/thumb/v7-m/nofp\libc_nano.a(lib_a-impure.o)
 *(.RamFunc)
 *(.RamFunc*)
                0x000000002000008c                . = ALIGN (0x4)
                0x000000002000008c                _edata = .

.igot.plt       0x000000002000008c        0x0 load address 0x0000000008004094
 .igot.plt      0x000000002000008c        0x0 e:/stm170/stm32cubeide_1.7.0/stm32cubeide/plugins/com.st.stm32cube.ide.mcu.externaltools.gnu-tools-for-stm32.9-2020-q2-update.win32_2.0.0.202105311346/tools/bin/../lib/gcc/arm-none-eabi/9.3.1/thumb/v7-m/nofp/crtbegin.o
                0x000000002000008c                . = ALIGN (0x4)

.bss            0x000000002000008c     0x11f8 load address 0x0000000008004094
                0x000000002000008c                _sbss = .
                0x000000002000008c                __bss_start__ = _sbss
 *(.bss)
 .bss           0x000000002000008c       0x1c e:/stm170/stm32cubeide_1.7.0/stm32cubeide/plugins/com.st.stm32cube.ide.mcu.externaltools.gnu-tools-for-stm32.9-2020-q2-update.win32_2.0.0.202105311346/tools/bin/../lib/gcc/arm-none-eabi/9.3.1/thumb/v7-m/nofp/crtbegin.o
 *(.bss*)
 .bss.status    0x00000000200000a8        0x4 ./Core/Src/fsm.o
                0x00000000200000a8                status
 .bss.config_value
                0x00000000200000ac        0x4 ./Core/Src/fsm.o
 .bss.blink_flag
                0x00000000200000b0        0x4 ./Core/Src/fsm.o
 .bss.cnt       0x00000000200000b4        0x4 ./Core/Src/fsm.o
 .bss.lcd_line0
                0x00000000200000b8       0x11 ./Core/Src/fsm.o
 *fill*         0x00000000200000c9        0x3 
 .bss.lcd_line1
                0x00000000200000cc       0x11 ./Core/Src/fsm.o
 *fill*         0x00000000200000dd        0x3 
 .bss.tick_ms   0x00000000200000e0        0x4 ./Core/Src/scheduler.o
                0x00000000200000e0                tick_ms
 .bss.node_pool
                0x00000000200000e4       0x50 ./Core/Src/scheduler.o
 .bss.wheel     0x0000000020000134      0xfa0 ./Core/Src/scheduler.o
 .bss.current_slot
                0x00000000200010d4        0x2 ./Core/Src/scheduler.o
 *fill*         0x00000000200010d6        0x2 
 .bss.__sbrk_heap_end
                0x00000000200010d8        0x4 ./Core/Src/sysmem.o
 .bss.__malloc_free_list
                0x00000000200010dc        0x4 e:/stm170/stm32cubeide_1.7.0/stm32cubeide/plugins/com.st.stm32cube.ide.mcu.externaltools.gnu-tools-for-stm32.9-2020-q2-update.win32_2.0.0.202105311346/tools/bin/../lib/gcc/arm-none-eabi/9.3.1/../../../../arm-none-eabi/lib/thumb/v7-m/nofp\libc_nano.a(lib_a-nano-mallocr.o)
                0x00000000200010dc                __malloc_free_list
 .bss.__malloc_sbrk_start
                0x00000000200010e0        0x4 e:/stm170/stm32cubeide_1.7.0/stm32cubeide/plugins/com.st.stm32cube.ide.mcu.externaltools.gnu-tools-for-stm32.9-2020-q2-update.win32_2.0.0.202105311346/tools/bin/../lib/gcc/arm-none-eabi/9.3.1/../../../../arm-none-eabi/lib/thumb/v7-m/nofp\libc_nano.a(lib_a-nano-mallocr.o)
                0x00000000200010e0                __malloc_sbrk_start
 *(COMMON)
 COMMON         0x00000000200010e4        0x8 ./Core/Src/fsm.o
                0x00000000200010e4                current_time_1
                0x00000000200010e8                current_time_2
 COMMON         0x00000000200010ec       0xe4 ./Core/Src/main.o
                0x00000000200010ec                hi2c1
                0x0000000020001140                htim2
                0x0000000020001188                huart2
 COMMON         0x00000000200011d0       0xa0 ./Core/Src/scheduler.o
                0x00000000200011d0                SCH_tasks
 COMMON         0x0000000020001270        0x4 ./Drivers/STM32F1xx_HAL_Driver/Src/stm32f1xx_hal.o
                0x0000000020001270                uwTick
 COMMON         0x0000000020001274        0x4 e:/stm170/stm32cubeide_1.7.0/stm32cubeide/plugins/com.st.stm32cube.ide.mcu.externaltools.gnu-tools-for-stm32.9-2020-q2-update.win32_2.0.0.202105311346/tools/bin/../lib/gcc/arm-none-eabi/9.3.1/../../../../arm-none-eabi/lib/thumb/v7-m/nofp\libc_nano.a(lib_a-reent.o)
                0x0000000020001274                errno
 COMMON         0x0000000020001278        0x9 e:/stm170/stm32cubeide_1.7.0/stm32cubeide/plugins/com.st.stm32cube.ide.mcu.externaltools.gnu-tools-for-stm32.9-2020-q2-update.win32_2.0.0.202105311346/tools/bin/../lib/gcc/arm-none-eabi/9.3.1/../../../../arm-none-eabi/lib/thumb/v7-m/nofp\libc_nano.a(lib_a-lock.o)
                0x0000000020001278                __lock___atexit_recursive_mutex
                0x0000000020001279                __lock___arc4random_mutex
                0x000000002000127a                __lock___env_recursive_mutex
                0x000000002000127b                __lock___sinit_recursive_mutex
                0x000000002000127c                __lock___malloc_recursive_mutex
                0x000000002000127d                __lock___at_quick_exit_mutex
                0x000000002000127e                __lock___dd_hash_mutex
                0x000000002000127f                __lock___tz_mutex
                0x0000000020001280                __lock___sfp_recursive_mutex
                0x0000000020001284                . = ALIGN (0x4)
 *fill*         0x0000000020001281        0x3 
                0x0000000020001284                _ebss = .
                0x0000000020001284                __bss_end__ = _ebss

._user_heap_stack
                0x0000000020001284      0x604 load address 0x0000000008004094
                0x0000000020001288                . = ALIGN (0x8)
 *fill*         0x0000000020001284        0x4 
                [!provide]                        PROVIDE (end = .)
                0x0000000020001288                PROVIDE (_end = .)
                0x0000000020001488                . = (. + _Min_Heap_Size)
 *fill*         0x0000000020001288      0x200 
                0x0000000020001888                . = (. + _Min_Stack_Size)
 *fill*         0x0000000020001488      0x400 
                0x0000000020001888                . = ALIGN (0x8)

/DISCARD/
 libc.a(*)
 libm.a(*)
 libgcc.a(*)

.ARM.attributes
                0x0000000000000000       0x29
 *(.ARM.attributes)
 .ARM.attributes
                0x0000000000000000       0x1d e:/stm170/stm32cubeide_1.7.0/stm32cubeide/plugins/com.st.stm32cube.ide.mcu.externaltools.gnu-tools-for-stm32.9-2020-q2-update.win32_2.0.0.202105311346/tools/bin/../lib/gcc/arm-none-eabi/9.3.1/thumb/v7-m/nofp/crti.o
 .ARM.attributes
                0x000000000000001d       0x2d e:/stm170/stm32cubeide_1.7.0/stm32cubeide/plugins/com.st.stm32cube.ide.mcu.externaltools.gnu-tools-for-stm32.9-2020-q2-update.win32_2.0.0.202105311346/tools/bin/../lib/gcc/arm-none-eabi/9.3.1/thumb/v7-m/nofp/crtbegin.o
 .ARM.attributes
                0x000000000000004a       0x2d ./Core/Src/button.o
 .ARM.attributes
                0x0000000000000077       0x2d ./Core/Src/fsm.o
 .ARM.attributes
                0x00000000000000a4       0x2d ./Core/Src/i2c-lcd.o
 .ARM.attributes
                0x00000000000000d1       0x2d ./Core/Src/main.o
 .ARM.attributes
                0x00000000000000fe       0x2d ./Core/Src/scheduler.o
 .ARM.attributes
                0x000000000000012b       0x2d ./Core/Src/stm32f1xx_hal_msp.o
 .ARM.attributes
                0x0000000000000158       0x2d ./Core/Src/stm32f1xx_it.o
 .ARM.attributes
                0x0000000000000185       0x2d ./Core/Src/sysmem.o
 .ARM.attributes
                0x00000000000001b2       0x2d ./Core/Src/system_stm32f1xx.o
 .ARM.attributes
                0x00000000000001df       0x21 ./Core/Startup/startup_stm32f103rbtx.o
 .ARM.attributes
                0x0000000000000200       0x2d ./Drivers/STM32F1xx_HAL_Driver/Src/stm32f1xx_hal.o
 .ARM.attributes
                0x000000000000022d       0x2d ./Drivers/STM32F1xx_HAL_Driver/Src/stm32f1xx_hal_cortex.o
 .ARM.attributes
                0x000000000000025a       0x2d ./Drivers/STM32F1xx_HAL_Driver/Src/stm32f1xx_hal_gpio.o
 .ARM.attributes
                0x0000000000000287       0x2d ./Drivers/STM32F1xx_HAL_Driver/Src/stm32f1xx_hal_i2c.o
 .ARM.attributes
                0x00000000000002b4       0x2d ./Drivers/STM32F1xx_HAL_Driver/Src/stm32f1xx_hal_rcc.o
 .ARM.attributes
                0x00000000000002e1       0x2d ./Drivers/STM32F1xx_HAL_Driver/Src/stm32f1xx_hal_tim.o
 .ARM.attributes
                0x000000000000030e       0x2d ./Drivers/STM32F1xx_HAL_Driver/Src/stm32f1xx_hal_tim_ex.o
 .ARM.attributes
                0x000000000000033b       0x2d ./Drivers/STM32F1xx_HAL_Driver/Src/stm32f1xx_hal_uart.o
 .ARM.attributes
                0x0000000000000368       0x2d e:/stm170/stm32cubeide_1.7.0/stm32cubeide/plugins/com.st.stm32cube.ide.mcu.externaltools.gnu-tools-for-stm32.9-2020-q2-update.win32_2.0.0.202105311346/tools/bin/../lib/gcc/arm-none-eabi/9.3.1/../../../../arm-none-eabi/lib/thumb/v7-m/nofp\libc_nano.a(lib_a-errno.o)
 .ARM.attributes
                0x0000000000000395       0x2d e:/stm170/stm32cubeide_1.7.0/stm32cubeide/plugins/com.st.stm32cube.ide.mcu.externaltools.gnu-tools-for-stm32.9-2020-q2-update.win32_2.0.0.202105311346/tools/bin/../lib/gcc/arm-none-eabi/9.3.1/../../../../arm-none-eabi/lib/thumb/v7-m/nofp\libc_nano.a(lib_a-impure.o)
 .ARM.attributes
                0x00000000000003c2       0x2d e:/stm170/stm32cubeide_1.7.0/stm32cubeide/plugins/com.st.stm32cube.ide.mcu.externaltools.gnu-tools-for-stm32.9-2020-q2-update.win32_2.0.0.202105311346/tools/bin/../lib/gcc/arm-none-eabi/9.3.1/../../../../arm-none-eabi/lib/thumb/v7-m/nofp\libc_nano.a(lib_a-init.o)
 .ARM.attributes
                0x00000000000003ef       0x2d e:/stm170/stm32cubeide_1.7.0/stm32cubeide/plugins/com.st.stm32cube.ide.mcu.externaltools.gnu-tools-for-stm32.9-2020-q2-update.win32_2.0.0.202105311346/tools/bin/../lib/gcc/arm-none-eabi/9.3.1/../../../../arm-none-eabi/lib/thumb/v7-m/nofp\libc_nano.a(lib_a-memset.o)
 .ARM.attributes
                0x000000000000041c       0x2d e:/stm170/stm32cubeide_1.7.0/stm32cubeide/plugins/com.st.stm32cube.ide.mcu.externaltools.gnu-tools-for-stm32.9-2020-q2-update.win32_2.0.0.202105311346/tools/bin/../lib/gcc/arm-none-eabi/9.3.1/../../../../arm-none-eabi/lib/thumb/v7-m/nofp\libc_nano.a(lib_a-sprintf.o)
 .ARM.attributes
                0x0000000000000449       0x1b e:/stm170/stm32cubeide_1.7.0/stm32cubeide/plugins/com.st.stm32cube.ide.mcu.externaltools.gnu-tools-for-stm32.9-2020-q2-update.win32_2.0.0.202105311346/tools/bin/../lib/gcc/arm-none-eabi/9.3.1/../../../../arm-none-eabi/lib/thumb/v7-m/nofp\libc_nano.a(lib_a-strcmp.o)
 .ARM.attributes
                0x0000000000000464       0x2d e:/stm170/stm32cubeide_1.7.0/stm32cubeide/plugins/com.st.stm32cube.ide.mcu.externaltools.gnu-tools-for-stm32.9-2020-q2-update.win32_2.0.0.202105311346/tools/bin/../lib/gcc/arm-none-eabi/9.3.1/../../../../arm-none-eabi/lib/thumb/v7-m/nofp\libc_nano.a(lib_a-strcpy.o)
 .ARM.attributes
                0x0000000000000491       0x2d e:/stm170/stm32cubeide_1.7.0/stm32cubeide/plugins/com.st.stm32cube.ide.mcu.externaltools.gnu-tools-for-stm32.9-2020-q2-update.win32_2.0.0.202105311346/tools/bin/../lib/gcc/arm-none-eabi/9.3.1/../../../../arm-none-eabi/lib/thumb/v7-m/nofp\libc_nano.a(lib_a-nano-svfprintf.o)
 .ARM.attributes
                0x00000000000004be       0x2d e:/stm170/stm32cubeide_1.7.0/stm32cubeide/plugins/com.st.stm32cube.ide.mcu.externaltools.gnu-tools-for-stm32.9-2020-q2-update.win32_2.0.0.202105311346/tools/bin/../lib/gcc/arm-none-eabi/9.3.1/../../../../arm-none-eabi/lib/thumb/v7-m/nofp\libc_nano.a(lib_a-nano-vfprintf_i.o)
 .ARM.attributes
                0x00000000000004eb       0x2d e:/stm170/stm32cubeide_1.7.0/stm32cubeide/plugins/com.st.stm32cube.ide.mcu.externaltools.gnu-tools-for-stm32.9-2020-q2-update.win32_2.0.0.202105311346/tools/bin/../lib/gcc/arm-none-eabi/9.3.1/../../../../arm-none-eabi/lib/thumb/v7-m/nofp\libc_nano.a(lib_a-memchr-stub.o)
 .ARM.attributes
                0x0000000000000518       0x2d e:/stm170/stm32cubeide_1.7.0/stm32cubeide/plugins/com.st.stm32cube.ide.mcu.externaltools.gnu-tools-for-stm32.9-2020-q2-update.win32_2.0.0.202105311346/tools/bin/../lib/gcc/arm-none-eabi/9.3.1/../../../../arm-none-eabi/lib/thumb/v7-m/nofp\libc_nano.a(lib_a-memcpy-stub.o)
 .ARM.attributes
                0x0000000000000545       0x2d e:/stm170/stm32cubeide_1.7.0/stm32cubeide/plugins/com.st.stm32cube.ide.mcu.externaltools.gnu-tools-for-stm32.9-2020-q2-update.win32_2.0.0.202105311346/tools/bin/../lib/gcc/arm-none-eabi/9.3.1/../../../../arm-none-eabi/lib/thumb/v7-m/nofp\libc_nano.a(lib_a-memmove.o)
 .ARM.attributes
                0x0000000000000572       0x2d e:/stm170/stm32cubeide_1.7.0/stm32cubeide/plugins/com.st.stm32cube.ide.mcu.externaltools.gnu-tools-for-stm32.9-2020-q2-update.win32_2.0.0.202105311346/tools/bin/../lib/gcc/arm-none-eabi/9.3.1/../../../../arm-none-eabi/lib/thumb/v7-m/nofp\libc_nano.a(lib_a-nano-freer.o)
 .ARM.attributes
                0x000000000000059f       0x2d e:/stm170/stm32cubeide_1.7.0/stm32cubeide/plugins/com.st.stm32cube.ide.mcu.externaltools.gnu-tools-for-stm32.9-2020-q2-update.win32_2.0.0.202105311346/tools/bin/../lib/gcc/arm-none-eabi/9.3.1/../../../../arm-none-eabi/lib/thumb/v7-m/nofp\libc_nano.a(lib_a-nano-mallocr.o)
 .ARM.attributes
                0x00000000000005cc       0x2d e:/stm170/stm32cubeide_1.7.0/stm32cubeide/plugins/com.st.stm32cube.ide.mcu.externaltools.gnu-tools-for-stm32.9-2020-q2-update.win32_2.0.0.202105311346/tools/bin/../lib/gcc/arm-none-eabi/9.3.1/../../../../arm-none-eabi/lib/thumb/v7-m/nofp\libc_nano.a(lib_a-nano-reallocr.o)
 .ARM.attributes
                0x00000000000005f9       0x2d e:/stm170/stm32cubeide_1.7.0/stm32cubeide/plugins/com.st.stm32cube.ide.mcu.externaltools.gnu-tools-for-stm32.9-2020-q2-update.win32_2.0.0.202105311346/tools/bin/../lib/gcc/arm-none-eabi/9.3.1/../../../../arm-none-eabi/lib/thumb/v7-m/nofp\libc_nano.a(lib_a-sbrkr.o)
 .ARM.attributes
                0x0000000000000626       0x2d e:/stm170/stm32cubeide_1.7.0/stm32cubeide/plugins/com.st.stm32cube.ide.mcu.externaltools.gnu-tools-for-stm32.9-2020-q2-update.win32_2.0.0.202105311346/tools/bin/../lib/gcc/arm-none-eabi/9.3.1/../../../../arm-none-eabi/lib/thumb/v7-m/nofp\libc_nano.a(lib_a-mlock.o)
 .ARM.attributes
                0x0000000000000653       0x2d e:/stm170/stm32cubeide_1.7.0/stm32cubeide/plugins/com.st.stm32cube.ide.mcu.externaltools.gnu-tools-for-stm32.9-2020-q2-update.win32_2.0.0.202105311346/tools/bin/../lib/gcc/arm-none-eabi/9.3.1/../../../../arm-none-eabi/lib/thumb/v7-m/nofp\libc_nano.a(lib_a-nano-msizer.o)
 .ARM.attributes
                0x0000000000000680       0x2d e:/stm170/stm32cubeide_1.7.0/stm32cubeide/plugins/com.st.stm32cube.ide.mcu.externaltools.gnu-tools-for-stm32.9-2020-q2-update.win32_2.0.0.202105311346/tools/bin/../lib/gcc/arm-none-eabi/9.3.1/../../../../arm-none-eabi/lib/thumb/v7-m/nofp\libc_nano.a(lib_a-reent.o)
 .ARM.attributes
                0x00000000000006ad       0x2d e:/stm170/stm32cubeide_1.7.0/stm32cubeide/plugins/com.st.stm32cube.ide.mcu.externaltools.gnu-tools-for-stm32.9-2020-q2-update.win32_2.0.0.202105311346/tools/bin/../lib/gcc/arm-none-eabi/9.3.1/../../../../arm-none-eabi/lib/thumb/v7-m/nofp\libc_nano.a(lib_a-lock.o)
 .ARM.attributes
                0x00000000000006da       0x1d e:/stm170/stm32cubeide_1.7.0/stm32cubeide/plugins/com.st.stm32cube.ide.mcu.externaltools.gnu-tools-for-stm32.9-2020-q2-update.win32_2.0.0.202105311346/tools/bin/../lib/gcc/arm-none-eabi/9.3.1/thumb/v7-m/nofp/crtn.o
OUTPUT(BTL_VXL.elf elf32-littlearm)
LOAD linker stubs
LOAD e:/stm170/stm32cubeide_1.7.0/stm32cubeide/plugins/com.st.stm32cube.ide.mcu.externaltools.gnu-tools-for-stm32.9-2020-q2-update.win32_2.0.0.202105311346/tools/bin/../lib/gcc/arm-none-eabi/9.3.1/../../../../arm-none-eabi/lib/thumb/v7-m/nofp\libc.a
LOAD e:/stm170/stm32cubeide_1.7.0/stm32cubeide/plugins/com.st.stm32cube.ide.mcu.externaltools.gnu-tools-for-stm32.9-2020-q2-update.win32_2.0.0.202105311346/tools/bin/../lib/gcc/arm-none-eabi/9.3.1/../../../../arm-none-eabi/lib/thumb/v7-m/nofp\libm.a
LOAD e:/stm170/stm32cubeide_1.7.0/stm32cubeide/plugins/com.st.stm32cube.ide.mcu.externaltools.gnu-tools-for-stm32.9-2020-q2-update.win32_2.0.0.202105311346/tools/bin/../lib/gcc/arm-none-eabi/9.3.1/thumb/v7-m/nofp\libgcc.a

.debug_info     0x0000000000000000    0x115eb
 .debug_info    0x0000000000000000      0x2fb ./Core/Src/button.o
 .debug_info    0x00000000000002fb      0xf7d ./Core/Src/fsm.o
 .debug_info    0x0000000000001278      0x861 ./Core/Src/i2c-lcd.o
 .debug_info    0x0000000000001ad9     0x13a3 ./Core/Src/main.o
 .debug_info    0x0000000000002e7c      0x3b2 ./Core/Src/scheduler.o
 .debug_info    0x000000000000322e     0x1150 ./Core/Src/stm32f1xx_hal_msp.o
 .debug_info    0x000000000000437e      0x7e3 ./Core/Src/stm32f1xx_it.o
 .debug_info    0x0000000000004b61      0xa25 ./Core/Src/sysmem.o
 .debug_info    0x0000000000005586      0x2be ./Core/Src/system_stm32f1xx.o
 .debug_info    0x0000000000005844       0x22 ./Core/Startup/startup_stm32f103rbtx.o
 .debug_info    0x0000000000005866      0x76a ./Drivers/STM32F1xx_HAL_Driver/Src/stm32f1xx_hal.o
 .debug_info    0x0000000000005fd0      0xbdc ./Drivers/STM32F1xx_HAL_Driver/Src/stm32f1xx_hal_cortex.o
 .debug_info    0x0000000000006bac      0x701 ./Drivers/STM32F1xx_HAL_Driver/Src/stm32f1xx_hal_gpio.o
 .debug_info    0x00000000000072ad     0x27cb ./Drivers/STM32F1xx_HAL_Driver/Src/stm32f1xx_hal_i2c.o
 .debug_info    0x0000000000009a78      0x893 ./Drivers/STM32F1xx_HAL_Driver/Src/stm32f1xx_hal_rcc.o
 .debug_info    0x000000000000a30b     0x2c32 ./Drivers/STM32F1xx_HAL_Driver/Src/stm32f1xx_hal_tim.o
 .debug_info    0x000000000000cf3d     0x157f ./Drivers/STM32F1xx_HAL_Driver/Src/stm32f1xx_hal_tim_ex.o
 .debug_info    0x000000000000e4bc     0x312f ./Drivers/STM32F1xx_HAL_Driver/Src/stm32f1xx_hal_uart.o

.debug_abbrev   0x0000000000000000     0x2436
 .debug_abbrev  0x0000000000000000      0x151 ./Core/Src/button.o
 .debug_abbrev  0x0000000000000151      0x294 ./Core/Src/fsm.o
 .debug_abbrev  0x00000000000003e5      0x1ca ./Core/Src/i2c-lcd.o
 .debug_abbrev  0x00000000000005af      0x2e2 ./Core/Src/main.o
 .debug_abbrev  0x0000000000000891      0x1b6 ./Core/Src/scheduler.o
 .debug_abbrev  0x0000000000000a47      0x1c8 ./Core/Src/stm32f1xx_hal_msp.o
 .debug_abbrev  0x0000000000000c0f      0x176 ./Core/Src/stm32f1xx_it.o
 .debug_abbrev  0x0000000000000d85      0x1bf ./Core/Src/sysmem.o
 .debug_abbrev  0x0000000000000f44      0x14e ./Core/Src/system_stm32f1xx.o
 .debug_abbrev  0x0000000000001092       0x12 ./Core/Startup/startup_stm32f103rbtx.o
 .debug_abbrev  0x00000000000010a4      0x1ed ./Drivers/STM32F1xx_HAL_Driver/Src/stm32f1xx_hal.o
 .debug_abbrev  0x0000000000001291      0x313 ./Drivers/STM32F1xx_HAL_Driver/Src/stm32f1xx_hal_cortex.o
 .debug_abbrev  0x00000000000015a4      0x1e8 ./Drivers/STM32F1xx_HAL_Driver/Src/stm32f1xx_hal_gpio.o
 .debug_abbrev  0x000000000000178c      0x288 ./Drivers/STM32F1xx_HAL_Driver/Src/stm32f1xx_hal_i2c.o
 .debug_abbrev  0x0000000000001a14      0x273 ./Drivers/STM32F1xx_HAL_Driver/Src/stm32f1xx_hal_rcc.o
 .debug_abbrev  0x0000000000001c87      0x25e ./Drivers/STM32F1xx_HAL_Driver/Src/stm32f1xx_hal_tim.o
 .debug_abbrev  0x0000000000001ee5      0x266 ./Drivers/STM32F1xx_HAL_Driver/Src/stm32f1xx_hal_tim_ex.o
 .debug_abbrev  0x000000000000214b      0x2eb ./Drivers/STM32F1xx_HAL_Driver/Src/stm32f1xx_hal_uart.o

.debug_aranges  0x0000000000000000      0xf88
 .debug_aranges
                0x0000000000000000       0x28 ./Core/Src/button.o
 .debug_aranges
                0x0000000000000028       0x70 ./Core/Src/fsm.o
 .debug_aranges
                0x0000000000000098       0x68 ./Core/Src/i2c-lcd.o
 .debug_aranges
                0x0000000000000100       0x60 ./Core/Src/main.o
 .debug_aranges
                0x0000000000000160       0x48 ./Core/Src/scheduler.o
 .debug_aranges
                0x00000000000001a8       0x50 ./Core/Src/stm32f1xx_hal_msp.o
 .debug_aranges
                0x00000000000001f8       0x70 ./Core/Src/stm32f1xx_it.o
 .debug_aranges
                0x0000000000000268       0x20 ./Core/Src/sysmem.o
 .debug_aranges
                0x0000000000000288       0x28 ./Core/Src/system_stm32f1xx.o
 .debug_aranges
                0x00000000000002b0       0x28 ./Core/Startup/startup_stm32f103rbtx.o
 .debug_aranges
                0x00000000000002d8       0xe0 ./Drivers/STM32F1xx_HAL_Driver/Src/stm32f1xx_hal.o
 .debug_aranges
                0x00000000000003b8      0x100 ./Drivers/STM32F1xx_HAL_Driver/Src/stm32f1xx_hal_cortex.o
 .debug_aranges
                0x00000000000004b8       0x58 ./Drivers/STM32F1xx_HAL_Driver/Src/stm32f1xx_hal_gpio.o
 .debug_aranges
                0x0000000000000510      0x2a8 ./Drivers/STM32F1xx_HAL_Driver/Src/stm32f1xx_hal_i2c.o
 .debug_aranges
                0x00000000000007b8       0x90 ./Drivers/STM32F1xx_HAL_Driver/Src/stm32f1xx_hal_rcc.o
 .debug_aranges
                0x0000000000000848      0x3d0 ./Drivers/STM32F1xx_HAL_Driver/Src/stm32f1xx_hal_tim.o
 .debug_aranges
                0x0000000000000c18      0x168 ./Drivers/STM32F1xx_HAL_Driver/Src/stm32f1xx_hal_tim_ex.o
 .debug_aranges
                0x0000000000000d80      0x208 ./Drivers/STM32F1xx_HAL_Driver/Src/stm32f1xx_hal_uart.o

.debug_ranges   0x0000000000000000      0xeb8
 .debug_ranges  0x0000000000000000       0x18 ./Core/Src/button.o
 .debug_ranges  0x0000000000000018       0x60 ./Core/Src/fsm.o
 .debug_ranges  0x0000000000000078       0x58 ./Core/Src/i2c-lcd.o
 .debug_ranges  0x00000000000000d0       0x50 ./Core/Src/main.o
 .debug_ranges  0x0000000000000120       0x38 ./Core/Src/scheduler.o
 .debug_ranges  0x0000000000000158       0x40 ./Core/Src/stm32f1xx_hal_msp.o
 .debug_ranges  0x0000000000000198       0x60 ./Core/Src/stm32f1xx_it.o
 .debug_ranges  0x00000000000001f8       0x10 ./Core/Src/sysmem.o
 .debug_ranges  0x0000000000000208       0x18 ./Core/Src/system_stm32f1xx.o
 .debug_ranges  0x0000000000000220       0x20 ./Core/Startup/startup_stm32f103rbtx.o
 .debug_ranges  0x0000000000000240       0xd0 ./Drivers/STM32F1xx_HAL_Driver/Src/stm32f1xx_hal.o
 .debug_ranges  0x0000000000000310       0xf0 ./Drivers/STM32F1xx_HAL_Driver/Src/stm32f1xx_hal_cortex.o
 .debug_ranges  0x0000000000000400       0x48 ./Drivers/STM32F1xx_HAL_Driver/Src/stm32f1xx_hal_gpio.o
 .debug_ranges  0x0000000000000448      0x2b0 ./Drivers/STM32F1xx_HAL_Driver/Src/stm32f1xx_hal_i2c.o
 .debug_ranges  0x00000000000006f8       0x80 ./Drivers/STM32F1xx_HAL_Driver/Src/stm32f1xx_hal_rcc.o
 .debug_ranges  0x0000000000000778      0x3c0 ./Drivers/STM32F1xx_HAL_Driver/Src/stm32f1xx_hal_tim.o
 .debug_ranges  0x0000000000000b38      0x158 ./Drivers/STM32F1xx_HAL_Driver/Src/stm32f1xx_hal_tim_ex.o
 .debug_ranges  0x0000000000000c90      0x228 ./Drivers/STM32F1xx_HAL_Driver/Src/stm32f1xx_hal_uart.o

.debug_macro    0x0000000000000000    0x18626
 .debug_macro   0x0000000000000000      0x1f7 ./Core/Src/button.o
 .debug_macro   0x00000000000001f7      0xa9c ./Core/Src/button.o
 .debug_macro   0x0000000000000c93      0x221 ./Core/Src/button.o
 .debug_macro   0x0000000000000eb4       0x2e ./Core/Src/button.o
 .debug_macro   0x0000000000000ee2       0x22 ./Core/Src/button.o
 .debug_macro   0x0000000000000f04       0x22 ./Core/Src/button.o
 .debug_macro   0x0000000000000f26       0x8e ./Core/Src/button.o
 .debug_macro   0x0000000000000fb4       0x51 ./Core/Src/button.o
 .debug_macro   0x0000000000001005      0x103 ./Core/Src/button.o
 .debug_macro   0x0000000000001108       0x6a ./Core/Src/button.o
 .debug_macro   0x0000000000001172      0x1df ./Core/Src/button.o
 .debug_macro   0x0000000000001351       0x1c ./Core/Src/button.o
 .debug_macro   0x000000000000136d       0x22 ./Core/Src/button.o
 .debug_macro   0x000000000000138f       0xc3 ./Core/Src/button.o
 .debug_macro   0x0000000000001452      0xd23 ./Core/Src/button.o
 .debug_macro   0x0000000000002175     0xe09e ./Core/Src/button.o
 .debug_macro   0x0000000000010213       0x6d ./Core/Src/button.o
 .debug_macro   0x0000000000010280     0x34a2 ./Core/Src/button.o
 .debug_macro   0x0000000000013722      0x174 ./Core/Src/button.o
 .debug_macro   0x0000000000013896       0x5c ./Core/Src/button.o
 .debug_macro   0x00000000000138f2      0x5bc ./Core/Src/button.o
 .debug_macro   0x0000000000013eae      0x289 ./Core/Src/button.o
 .debug_macro   0x0000000000014137      0x1cb ./Core/Src/button.o
 .debug_macro   0x0000000000014302      0x114 ./Core/Src/button.o
 .debug_macro   0x0000000000014416      0x1b2 ./Core/Src/button.o
 .debug_macro   0x00000000000145c8       0x27 ./Core/Src/button.o
 .debug_macro   0x00000000000145ef      0x136 ./Core/Src/button.o
 .debug_macro   0x0000000000014725      0x1bc ./Core/Src/button.o
 .debug_macro   0x00000000000148e1       0x34 ./Core/Src/button.o
 .debug_macro   0x0000000000014915       0x3c ./Core/Src/button.o
 .debug_macro   0x0000000000014951       0x57 ./Core/Src/button.o
 .debug_macro   0x00000000000149a8       0x87 ./Core/Src/button.o
 .debug_macro   0x0000000000014a2f      0x240 ./Core/Src/button.o
 .debug_macro   0x0000000000014c6f      0x287 ./Core/Src/button.o
 .debug_macro   0x0000000000014ef6      0x140 ./Core/Src/button.o
 .debug_macro   0x0000000000015036      0x8ed ./Core/Src/button.o
 .debug_macro   0x0000000000015923      0x28e ./Core/Src/button.o
 .debug_macro   0x0000000000015bb1       0x83 ./Core/Src/button.o
 .debug_macro   0x0000000000015c34       0xa6 ./Core/Src/button.o
 .debug_macro   0x0000000000015cda       0x1c ./Core/Src/button.o
 .debug_macro   0x0000000000015cf6      0x36c ./Core/Src/fsm.o
 .debug_macro   0x0000000000016062       0x52 ./Core/Src/fsm.o
 .debug_macro   0x00000000000160b4       0x18 ./Core/Src/fsm.o
 .debug_macro   0x00000000000160cc       0x3c ./Core/Src/fsm.o
 .debug_macro   0x0000000000016108       0x34 ./Core/Src/fsm.o
 .debug_macro   0x000000000001613c       0x16 ./Core/Src/fsm.o
 .debug_macro   0x0000000000016152       0x35 ./Core/Src/fsm.o
 .debug_macro   0x0000000000016187      0x333 ./Core/Src/fsm.o
 .debug_macro   0x00000000000164ba       0x10 ./Core/Src/fsm.o
 .debug_macro   0x00000000000164ca       0x16 ./Core/Src/fsm.o
 .debug_macro   0x00000000000164e0       0x43 ./Core/Src/fsm.o
 .debug_macro   0x0000000000016523       0x34 ./Core/Src/fsm.o
 .debug_macro   0x0000000000016557       0x10 ./Core/Src/fsm.o
 .debug_macro   0x0000000000016567       0x58 ./Core/Src/fsm.o
 .debug_macro   0x00000000000165bf       0x71 ./Core/Src/fsm.o
 .debug_macro   0x0000000000016630       0x1c ./Core/Src/fsm.o
 .debug_macro   0x000000000001664c      0x12a ./Core/Src/fsm.o
 .debug_macro   0x0000000000016776       0x10 ./Core/Src/fsm.o
 .debug_macro   0x0000000000016786       0x1c ./Core/Src/fsm.o
 .debug_macro   0x00000000000167a2       0x52 ./Core/Src/fsm.o
 .debug_macro   0x00000000000167f4       0x22 ./Core/Src/fsm.o
 .debug_macro   0x0000000000016816       0x10 ./Core/Src/fsm.o
 .debug_macro   0x0000000000016826       0x40 ./Core/Src/fsm.o
 .debug_macro   0x0000000000016866       0xd5 ./Core/Src/fsm.o
 .debug_macro   0x000000000001693b       0x1c ./Core/Src/fsm.o
 .debug_macro   0x0000000000016957       0x3d ./Core/Src/fsm.o
 .debug_macro   0x0000000000016994       0x16 ./Core/Src/fsm.o
 .debug_macro   0x00000000000169aa      0x145 ./Core/Src/fsm.o
 .debug_macro   0x0000000000016aef       0x16 ./Core/Src/fsm.o
 .debug_macro   0x0000000000016b05       0x20 ./Core/Src/fsm.o
 .debug_macro   0x0000000000016b25      0x1b7 ./Core/Src/i2c-lcd.o
 .debug_macro   0x0000000000016cdc      0x1ea ./Core/Src/main.o
 .debug_macro   0x0000000000016ec6       0x16 ./Core/Src/main.o
 .debug_macro   0x0000000000016edc       0x78 ./Core/Src/scheduler.o
 .debug_macro   0x0000000000016f54       0x10 ./Core/Src/scheduler.o
 .debug_macro   0x0000000000016f64      0x1bc ./Core/Src/stm32f1xx_hal_msp.o
 .debug_macro   0x0000000000017120      0x1c6 ./Core/Src/stm32f1xx_it.o
 .debug_macro   0x00000000000172e6       0xff ./Core/Src/sysmem.o
 .debug_macro   0x00000000000173e5      0x23b ./Core/Src/sysmem.o
 .debug_macro   0x0000000000017620      0x1ad ./Core/Src/system_stm32f1xx.o
 .debug_macro   0x00000000000177cd      0x1d1 ./Drivers/STM32F1xx_HAL_Driver/Src/stm32f1xx_hal.o
 .debug_macro   0x000000000001799e      0x1ad ./Drivers/STM32F1xx_HAL_Driver/Src/stm32f1xx_hal_cortex.o
 .debug_macro   0x0000000000017b4b      0x218 ./Drivers/STM32F1xx_HAL_Driver/Src/stm32f1xx_hal_gpio.o
 .debug_macro   0x0000000000017d63      0x1fb ./Drivers/STM32F1xx_HAL_Driver/Src/stm32f1xx_hal_i2c.o
 .debug_macro   0x0000000000017f5e      0x1bf ./Drivers/STM32F1xx_HAL_Driver/Src/stm32f1xx_hal_rcc.o
 .debug_macro   0x000000000001811d      0x1ae ./Drivers/STM32F1xx_HAL_Driver/Src/stm32f1xx_hal_tim.o
 .debug_macro   0x00000000000182cb      0x1ad ./Drivers/STM32F1xx_HAL_Driver/Src/stm32f1xx_hal_tim_ex.o
 .debug_macro   0x0000000000018478      0x1ae ./Drivers/STM32F1xx_HAL_Driver/Src/stm32f1xx_hal_uart.o

.debug_line     0x0000000000000000    0x1203b
 .debug_line    0x0000000000000000      0x70d ./Core/Src/button.o
 .debug_line    0x000000000000070d      0xbed ./Core/Src/fsm.o
 .debug_line    0x00000000000012fa      0x819 ./Core/Src/i2c-lcd.o
 .debug_line    0x0000000000001b13      0x8ac ./Core/Src/main.o
 .debug_line    0x00000000000023bf      0x57c ./Core/Src/scheduler.o
 .debug_line    0x000000000000293b      0x774 ./Core/Src/stm32f1xx_hal_msp.o
 .debug_line    0x00000000000030af      0x796 ./Core/Src/stm32f1xx_it.o
 .debug_line    0x0000000000003845      0x50c ./Core/Src/sysmem.o
 .debug_line    0x0000000000003d51      0x722 ./Core/Src/system_stm32f1xx.o
 .debug_line    0x0000000000004473       0x86 ./Core/Startup/startup_stm32f103rbtx.o
 .debug_line    0x00000000000044f9      0x94f ./Drivers/STM32F1xx_HAL_Driver/Src/stm32f1xx_hal.o
 .debug_line    0x0000000000004e48      0xb37 ./Drivers/STM32F1xx_HAL_Driver/Src/stm32f1xx_hal_cortex.o
 .debug_line    0x000000000000597f      0x9e8 ./Drivers/STM32F1xx_HAL_Driver/Src/stm32f1xx_hal_gpio.o
 .debug_line    0x0000000000006367     0x3ae5 ./Drivers/STM32F1xx_HAL_Driver/Src/stm32f1xx_hal_i2c.o
 .debug_line    0x0000000000009e4c      0xd5b ./Drivers/STM32F1xx_HAL_Driver/Src/stm32f1xx_hal_rcc.o
 .debug_line    0x000000000000aba7     0x33e9 ./Drivers/STM32F1xx_HAL_Driver/Src/stm32f1xx_hal_tim.o
 .debug_line    0x000000000000df90     0x1895 ./Drivers/STM32F1xx_HAL_Driver/Src/stm32f1xx_hal_tim_ex.o
 .debug_line    0x000000000000f825     0x2816 ./Drivers/STM32F1xx_HAL_Driver/Src/stm32f1xx_hal_uart.o

.debug_str      0x0000000000000000    0x8d8f4
 .debug_str     0x0000000000000000    0x84fe3 ./Core/Src/button.o
                                      0x8532b (size before relaxing)
 .debug_str     0x0000000000084fe3     0x428d ./Core/Src/fsm.o
                                      0x89583 (size before relaxing)
 .debug_str     0x0000000000089270      0x4d2 ./Core/Src/i2c-lcd.o
                                      0x854fd (size before relaxing)
 .debug_str     0x0000000000089742      0x9e4 ./Core/Src/main.o
                                      0x86245 (size before relaxing)
 .debug_str     0x000000000008a126       0xbf ./Core/Src/scheduler.o
                                       0x3ddb (size before relaxing)
 .debug_str     0x000000000008a1e5       0xe1 ./Core/Src/stm32f1xx_hal_msp.o
                                      0x85f50 (size before relaxing)
 .debug_str     0x000000000008a2c6       0xe2 ./Core/Src/stm32f1xx_it.o
                                      0x8578b (size before relaxing)
 .debug_str     0x000000000008a3a8      0x4e9 ./Core/Src/sysmem.o
                                       0x6246 (size before relaxing)
 .debug_str     0x000000000008a891       0x52 ./Core/Src/system_stm32f1xx.o
                                      0x85024 (size before relaxing)
 .debug_str     0x000000000008a8e3       0x36 ./Core/Startup/startup_stm32f103rbtx.o
                                         0x5a (size before relaxing)
 .debug_str     0x000000000008a919      0x304 ./Drivers/STM32F1xx_HAL_Driver/Src/stm32f1xx_hal.o
                                      0x856b5 (size before relaxing)
 .debug_str     0x000000000008ac1d      0x300 ./Drivers/STM32F1xx_HAL_Driver/Src/stm32f1xx_hal_cortex.o
                                      0x856bd (size before relaxing)
 .debug_str     0x000000000008af1d      0x324 ./Drivers/STM32F1xx_HAL_Driver/Src/stm32f1xx_hal_gpio.o
                                      0x853e8 (size before relaxing)
 .debug_str     0x000000000008b241      0xb9a ./Drivers/STM32F1xx_HAL_Driver/Src/stm32f1xx_hal_i2c.o
                                      0x860b3 (size before relaxing)
 .debug_str     0x000000000008bddb      0x244 ./Drivers/STM32F1xx_HAL_Driver/Src/stm32f1xx_hal_rcc.o
                                      0x85421 (size before relaxing)
 .debug_str     0x000000000008c01f      0xdd8 ./Drivers/STM32F1xx_HAL_Driver/Src/stm32f1xx_hal_tim.o
                                      0x8640a (size before relaxing)
 .debug_str     0x000000000008cdf7      0x4ee ./Drivers/STM32F1xx_HAL_Driver/Src/stm32f1xx_hal_tim_ex.o
                                      0x85bab (size before relaxing)
 .debug_str     0x000000000008d2e5      0x60f ./Drivers/STM32F1xx_HAL_Driver/Src/stm32f1xx_hal_uart.o
                                      0x85a79 (size before relaxing)

.comment        0x0000000000000000       0x53
 .comment       0x0000000000000000       0x53 ./Core/Src/button.o
                                         0x54 (size before relaxing)
 .comment       0x0000000000000053       0x54 ./Core/Src/fsm.o
 .comment       0x0000000000000053       0x54 ./Core/Src/i2c-lcd.o
 .comment       0x0000000000000053       0x54 ./Core/Src/main.o
 .comment       0x0000000000000053       0x54 ./Core/Src/scheduler.o
 .comment       0x0000000000000053       0x54 ./Core/Src/stm32f1xx_hal_msp.o
 .comment       0x0000000000000053       0x54 ./Core/Src/stm32f1xx_it.o
 .comment       0x0000000000000053       0x54 ./Core/Src/sysmem.o
 .comment       0x0000000000000053       0x54 ./Core/Src/system_stm32f1xx.o
 .comment       0x0000000000000053       0x54 ./Drivers/STM32F1xx_HAL_Driver/Src/stm32f1xx_hal.o
 .comment       0x0000000000000053       0x54 ./Drivers/STM32F1xx_HAL_Driver/Src/stm32f1xx_hal_cortex.o
 .comment       0x0000000000000053       0x54 ./Drivers/STM32F1xx_HAL_Driver/Src/stm32f1xx_hal_gpio.o
 .comment       0x0000000000000053       0x54 ./Drivers/STM32F1xx_HAL_Driver/Src/stm32f1xx_hal_i2c.o
 .comment       0x0000000000000053       0x54 ./Drivers/STM32F1xx_HAL_Driver/Src/stm32f1xx_hal_rcc.o
 .comment       0x0000000000000053       0x54 ./Drivers/STM32F1xx_HAL_Driver/Src/stm32f1xx_hal_tim.o
 .comment       0x0000000000000053       0x54 ./Drivers/STM32F1xx_HAL_Driver/Src/stm32f1xx_hal_tim_ex.o
 .comment       0x0000000000000053       0x54 ./Drivers/STM32F1xx_HAL_Driver/Src/stm32f1xx_hal_uart.o

.debug_frame    0x0000000000000000     0x4560
 .debug_frame   0x0000000000000000       0x50 ./Core/Src/button.o
 .debug_frame   0x0000000000000050      0x194 ./Core/Src/fsm.o
 .debug_frame   0x00000000000001e4      0x158 ./Core/Src/i2c-lcd.o
 .debug_frame   0x000000000000033c      0x134 ./Core/Src/main.o
 .debug_frame   0x0000000000000470       0xf4 ./Core/Src/scheduler.o
 .debug_frame   0x0000000000000564      0x110 ./Core/Src/stm32f1xx_hal_msp.o
 .debug_frame   0x0000000000000674      0x13c ./Core/Src/stm32f1xx_it.o
 .debug_frame   0x00000000000007b0       0x34 ./Core/Src/sysmem.o
 .debug_frame   0x00000000000007e4       0x58 ./Core/Src/system_stm32f1xx.o
 .debug_frame   0x000000000000083c      0x334 ./Drivers/STM32F1xx_HAL_Driver/Src/stm32f1xx_hal.o
 .debug_frame   0x0000000000000b70      0x428 ./Drivers/STM32F1xx_HAL_Driver/Src/stm32f1xx_hal_cortex.o
 .debug_frame   0x0000000000000f98      0x14c ./Drivers/STM32F1xx_HAL_Driver/Src/stm32f1xx_hal_gpio.o
 .debug_frame   0x00000000000010e4      0xc84 ./Drivers/STM32F1xx_HAL_Driver/Src/stm32f1xx_hal_i2c.o
 .debug_frame   0x0000000000001d68      0x218 ./Drivers/STM32F1xx_HAL_Driver/Src/stm32f1xx_hal_rcc.o
 .debug_frame   0x0000000000001f80     0x11b8 ./Drivers/STM32F1xx_HAL_Driver/Src/stm32f1xx_hal_tim.o
 .debug_frame   0x0000000000003138      0x638 ./Drivers/STM32F1xx_HAL_Driver/Src/stm32f1xx_hal_tim_ex.o
 .debug_frame   0x0000000000003770      0x944 ./Drivers/STM32F1xx_HAL_Driver/Src/stm32f1xx_hal_uart.o
 .debug_frame   0x00000000000040b4       0x20 e:/stm170/stm32cubeide_1.7.0/stm32cubeide/plugins/com.st.stm32cube.ide.mcu.externaltools.gnu-tools-for-stm32.9-2020-q2-update.win32_2.0.0.202105311346/tools/bin/../lib/gcc/arm-none-eabi/9.3.1/../../../../arm-none-eabi/lib/thumb/v7-m/nofp\libc_nano.a(lib_a-errno.o)
 .debug_frame   0x00000000000040d4       0x2c e:/stm170/stm32cubeide_1.7.0/stm32cubeide/plugins/com.st.stm32cube.ide.mcu.externaltools.gnu-tools-for-stm32.9-2020-q2-update.win32_2.0.0.202105311346/tools/bin/../lib/gcc/arm-none-eabi/9.3.1/../../../../arm-none-eabi/lib/thumb/v7-m/nofp\libc_nano.a(lib_a-init.o)
 .debug_frame   0x0000000000004100       0x20 e:/stm170/stm32cubeide_1.7.0/stm32cubeide/plugins/com.st.stm32cube.ide.mcu.externaltools.gnu-tools-for-stm32.9-2020-q2-update.win32_2.0.0.202105311346/tools/bin/../lib/gcc/arm-none-eabi/9.3.1/../../../../arm-none-eabi/lib/thumb/v7-m/nofp\libc_nano.a(lib_a-memset.o)
 .debug_frame   0x0000000000004120       0x6c e:/stm170/stm32cubeide_1.7.0/stm32cubeide/plugins/com.st.stm32cube.ide.mcu.externaltools.gnu-tools-for-stm32.9-2020-q2-update.win32_2.0.0.202105311346/tools/bin/../lib/gcc/arm-none-eabi/9.3.1/../../../../arm-none-eabi/lib/thumb/v7-m/nofp\libc_nano.a(lib_a-sprintf.o)
 .debug_frame   0x000000000000418c       0x20 e:/stm170/stm32cubeide_1.7.0/stm32cubeide/plugins/com.st.stm32cube.ide.mcu.externaltools.gnu-tools-for-stm32.9-2020-q2-update.win32_2.0.0.202105311346/tools/bin/../lib/gcc/arm-none-eabi/9.3.1/../../../../arm-none-eabi/lib/thumb/v7-m/nofp\libc_nano.a(lib_a-strcmp.o)
 .debug_frame   0x00000000000041ac       0x20 e:/stm170/stm32cubeide_1.7.0/stm32cubeide/plugins/com.st.stm32cube.ide.mcu.externaltools.gnu-tools-for-stm32.9-2020-q2-update.win32_2.0.0.202105311346/tools/bin/../lib/gcc/arm-none-eabi/9.3.1/../../../../arm-none-eabi/lib/thumb/v7-m/nofp\libc_nano.a(lib_a-strcpy.o)
 .debug_frame   0x00000000000041cc       0x90 e:/stm170/stm32cubeide_1.7.0/stm32cubeide/plugins/com.st.stm32cube.ide.mcu.externaltools.gnu-tools-for-stm32.9-2020-q2-update.win32_2.0.0.202105311346/tools/bin/../lib/gcc/arm-none-eabi/9.3.1/../../../../arm-none-eabi/lib/thumb/v7-m/nofp\libc_nano.a(lib_a-nano-svfprintf.o)
 .debug_frame   0x000000000000425c       0x60 e:/stm170/stm32cubeide_1.7.0/stm32cubeide/plugins/com.st.stm32cube.ide.mcu.externaltools.gnu-tools-for-stm32.9-2020-q2-update.win32_2.0.0.202105311346/tools/bin/../lib/gcc/arm-none-eabi/9.3.1/../../../../arm-none-eabi/lib/thumb/v7-m/nofp\libc_nano.a(lib_a-nano-vfprintf_i.o)
 .debug_frame   0x00000000000042bc       0x28 e:/stm170/stm32cubeide_1.7.0/stm32cubeide/plugins/com.st.stm32cube.ide.mcu.externaltools.gnu-tools-for-stm32.9-2020-q2-update.win32_2.0.0.202105311346/tools/bin/../lib/gcc/arm-none-eabi/9.3.1/../../../../arm-none-eabi/lib/thumb/v7-m/nofp\libc_nano.a(lib_a-memchr-stub.o)
 .debug_frame   0x00000000000042e4       0x28 e:/stm170/stm32cubeide_1.7.0/stm32cubeide/plugins/com.st.stm32cube.ide.mcu.externaltools.gnu-tools-for-stm32.9-2020-q2-update.win32_2.0.0.202105311346/tools/bin/../lib/gcc/arm-none-eabi/9.3.1/../../../../arm-none-eabi/lib/thumb/v7-m/nofp\libc_nano.a(lib_a-memcpy-stub.o)
 .debug_frame   0x000000000000430c       0x28 e:/stm170/stm32cubeide_1.7.0/stm32cubeide/plugins/com.st.stm32cube.ide.mcu.externaltools.gnu-tools-for-stm32.9-2020-q2-update.win32_2.0.0.202105311346/tools/bin/../lib/gcc/arm-none-eabi/9.3.1/../../../../arm-none-eabi/lib/thumb/v7-m/nofp\libc_nano.a(lib_a-memmove.o)
 .debug_frame   0x0000000000004334       0x38 e:/stm170/stm32cubeide_1.7.0/stm32cubeide/plugins/com.st.stm32cube.ide.mcu.externaltools.gnu-tools-for-stm32.9-2020-q2-update.win32_2.0.0.202105311346/tools/bin/../lib/gcc/arm-none-eabi/9.3.1/../../../../arm-none-eabi/lib/thumb/v7-m/nofp\libc_nano.a(lib_a-nano-freer.o)
 .debug_frame   0x000000000000436c       0x30 e:/stm170/stm32cubeide_1.7.0/stm32cubeide/plugins/com.st.stm32cube.ide.mcu.externaltools.gnu-tools-for-stm32.9-2020-q2-update.win32_2.0.0.202105311346/tools/bin/../lib/gcc/arm-none-eabi/9.3.1/../../../../arm-none-eabi/lib/thumb/v7-m/nofp\libc_nano.a(lib_a-nano-mallocr.o)
 .debug_frame   0x000000000000439c       0x3c e:/stm170/stm32cubeide_1.7.0/stm32cubeide/plugins/com.st.stm32cube.ide.mcu.externaltools.gnu-tools-for-stm32.9-2020-q2-update.win32_2.0.0.202105311346/tools/bin/../lib/gcc/arm-none-eabi/9.3.1/../../../../arm-none-eabi/lib/thumb/v7-m/nofp\libc_nano.a(lib_a-nano-reallocr.o)
 .debug_frame   0x00000000000043d8       0x2c e:/stm170/stm32cubeide_1.7.0/stm32cubeide/plugins/com.st.stm32cube.ide.mcu.externaltools.gnu-tools-for-stm32.9-2020-q2-update.win32_2.0.0.202105311346/tools/bin/../lib/gcc/arm-none-eabi/9.3.1/../../../../arm-none-eabi/lib/thumb/v7-m/nofp\libc_nano.a(lib_a-sbrkr.o)
 .debug_frame   0x0000000000004404       0x30 e:/stm170/stm32cubeide_1.7.0/stm32cubeide/plugins/com.st.stm32cube.ide.mcu.externaltools.gnu-tools-for-stm32.9-2020-q2-update.win32_2.0.0.202105311346/tools/bin/../lib/gcc/arm-none-eabi/9.3.1/../../../../arm-none-eabi/lib/thumb/v7-m/nofp\libc_nano.a(lib_a-mlock.o)
 .debug_frame   0x0000000000004434       0x20 e:/stm170/stm32cubeide_1.7.0/stm32cubeide/plugins/com.st.stm32cube.ide.mcu.externaltools.gnu-tools-for-stm32.9-2020-q2-update.win32_2.0.0.202105311346/tools/bin/../lib/gcc/arm-none-eabi/9.3.1/../../../../arm-none-eabi/lib/thumb/v7-m/nofp\libc_nano.a(lib_a-nano-msizer.o)
 .debug_frame   0x0000000000004454       0x5c e:/stm170/stm32cubeide_1.7.0/stm32cubeide/plugins/com.st.stm32cube.ide.mcu.externaltools.gnu-tools-for-stm32.9-2020-q2-update.win32_2.0.0.202105311346/tools/bin/../lib/gcc/arm-none-eabi/9.3.1/../../../../arm-none-eabi/lib/thumb/v7-m/nofp\libc_nano.a(lib_a-reent.o)
 .debug_frame   0x00000000000044b0       0xb0 e:/stm170/stm32cubeide_1.7.0/stm32cubeide/plugins/com.st.stm32cube.ide.mcu.externaltools.gnu-tools-for-stm32.9-2020-q2-update.win32_2.0.0.202105311346/tools/bin/../lib/gcc/arm-none-eabi/9.3.1/../../../../arm-none-eabi/lib/thumb/v7-m/nofp\libc_nano.a(lib_a-lock.o)
